0000              1   ; main project file
                  3   $LIST
0000              5   
0000              6   
0000              7   CLK              EQU 33333333 ; Microcontroller system crystal frequency in Hz
0000              8   TIMER2_RATE      EQU 1000     ; 1000Hz, for a timer tick of 1ms
0000              9   TIMER2_RELOAD    EQU ((65536-(CLK/(12*TIMER2_RATE))))
0000             10   TIMER0_RATE     EQU 1024    ; 2048Hz squarewave (peak amplitude of CEM-1203 speaker)
0000             11   TIMER0_RELOAD   EQU ((65536-(CLK/TIMER0_RATE)))
0000             12   FREQ                     EQU 33333333
0000             13   BAUD                     EQU 115200
0000             14   T2LOAD                   EQU 65536-(FREQ/(32*BAUD))
0000             15   
0000             16   ;PIN Assignemet
0000             17   ;Need to figure out wich ADC pins the LM335 and OP07 are on 
0000             18   LM335_ADC equ 0
0000             19   OP07_ADC equ 1
0000             20   
0000             21   
0000             22   ; Reset vector
0000             23   org 0x0000
0000 020887      24       ljmp main
0003             25       
0003             26   ; Timer/Counter 0 overflow interrupt vector
000B             27   org 0x000B
000B 020774      28            ljmp Timer0_ISR
000E             29   
000E             30   ; Timer/Counter 2 overflow interrupt vector
002B             31   org 0x002B
002B 020795      32            ljmp Timer2_ISR
002E             33   
002E             34   
0030             35   dseg at 0x30
0030             36   ; For math 
0030             37   x:                       ds 4
0034             38   y:                       ds 4
0038             39   bcd:             ds 5
003D             40   
003D             41   math_space: ds 5
0042             42   
0042             43   tempHot:         ds 4
0046             44   tempCold:        ds 4
004A             45   tempFinal:  ds 4
004E             46   timeOn:     ds 2
0050             47   ;Variables from keypad
0050             48   soak_temp:      ds 2      ; mode A 150 +-20
0052             49   soak_time:      ds 2      ; mode B 60-120
0054             50   reflow_temp:    ds 2      ; mode C 230 < 240
0056             51   reflow_time:    ds 2      ; mode D  30 < 45
0058             52   active_param:   ds 1
0059             53   
0059             54   Timer0Reload:   ds 2
005B             55   
005B             56   ; Each FSM has its own timer
005B             57   FSM_timer:  ds 1
005C             58   QuarterSecondsCounter: ds 1
005D             59   SecondsCounter: ds 1
005E             60   SecondsCounterTotal: ds 1
005F             61   MinutesCounterTotal: ds 1
0060             62   ; Each FSM has its own state counter
0060             63   FSM_state:  ds 1
0061             64   
0000             65   bseg
0000             66   ; For each pushbutton we have a flag.  The corresponding FSM will set this
0000             67   ; flags to one when a valid press of the pushbutton is detected.
0000             68   mf               : dbit 1
0001             69   ssr_f            : dbit 1
0002             70   state_flag       : dbit 1
0003             71   emergency_f : dbit 1
0004             72   
0004             73   
                 -1   $include(math32.asm)
                614   $LIST
                 -1   $include(LCD_4bit_DE10Lite_no_RW.inc) ; A library of LCD related functions and utility macros
0320              1   ;  LCD routines adapted for the DE10-Lite configured as a CV_8052 processor
0320              2   cseg
0320              3   
0320              4   ; When using a 33.333333MHz crystal clock
0320              5   ; one cycle takes 1.0/33.333333MHz = 30 ns
0320              6   
0320              7   ;---------------------------------;
0320              8   ; Wait 40 microseconds            ;
0320              9   ;---------------------------------;
0320             10   Wait40uSec:
0320 C000        11            push AR0
0322 78BE        12            mov R0, #190
0324             13   L0: 
0324 00          14            nop
0325 00          15            nop
0326 00          16            nop
0327 00          17            nop
0328 D8FA        18            djnz R0, L0 ; 1+1+1+1+3 cycles->7*30ns*190=40us
032A D000        19            pop AR0
032C 22          20       ret
032D             21   
032D             22   ;---------------------------------;
032D             23   ; Wait 'R2' milliseconds          ;
032D             24   ;---------------------------------;
                 25   Wait_Milli_Seconds mac
                 26   	push AR2
                 27   	mov R2, %0
                 28   	lcall ?Wait_Milli_Seconds
                 29   	pop AR2
                 30   endmac
032D             31   
032D             32   ?Wait_Milli_Seconds:
032D C000        33            push AR0
032F C001        34            push AR1
0331 7932        35   L3: mov R1, #50
0333 78DF        36   L2: mov R0, #223
0335 D8FE        37   L1: djnz R0, L1 ; 3 cycles->3*30ns*250=20.07us
0337 D9FA        38       djnz R1, L2 ; 20.07us*50=1.004ms
0339 DAF6        39       djnz R2, L3 ; number of millisecons to wait passed in R2
033B D001        40       pop AR1
033D D000        41       pop AR0
033F 22          42       ret
0340             43            
0340             44   ;---------------------------------;
0340             45   ; Toggles the 'E' pin in the LCD  ;
0340             46   ;---------------------------------;
0340             47   ELCD_pulse:
0340 D291        48            setb ELCD_E
0342 120320      49            lcall Wait40uSec
0345 C291        50            clr ELCD_E
0347 120320      51       lcall Wait40uSec ; This line is needed in the DE1SoC running an 8051 because it is much faster than the AT89LP51RC2
034A 22          52       ret
034B             53   
034B             54   ;---------------------------------;
034B             55   ; Writes acc to LCD in 4-bit mode ;
034B             56   ;---------------------------------;
034B             57   ELCD_byte:
034B             58            ; Write high 4 bits first
034B A2E7        59            mov c, ACC.7
034D 9281        60            mov ELCD_D7, c
034F A2E6        61            mov c, ACC.6
0351 9283        62            mov ELCD_D6, c
0353 A2E5        63            mov c, ACC.5
0355 9285        64            mov ELCD_D5, c
0357 A2E4        65            mov c, ACC.4
0359 9287        66            mov ELCD_D4, c
035B 120340      67       lcall ELCD_pulse
035E             68            ; Write low 4 bits next
035E A2E3        69            mov c, ACC.3
0360 9281        70            mov ELCD_D7, c
0362 A2E2        71            mov c, ACC.2
0364 9283        72            mov ELCD_D6, c
0366 A2E1        73            mov c, ACC.1
0368 9285        74            mov ELCD_D5, c
036A A2E0        75            mov c, ACC.0
036C 9287        76            mov ELCD_D4, c
036E 120340      77       lcall ELCD_pulse
0371 22          78            ret
0372             79   
0372             80   ;---------------------------------;
0372             81   ; Write data to LCD               ;
0372             82   ;---------------------------------;
                 83   WriteData mac
                 84   	mov a, %0
                 85   	lcall ?WriteData
                 86   endmac
0372             87            
0372             88   ?WriteData:
0372 D297        89            setb ELCD_RS
0374 02034B      90            ljmp ELCD_byte
0377             91   
0377             92   ;---------------------------------;
0377             93   ; Write command to LCD            ;
0377             94   ;---------------------------------;
                 95   WriteCommand mac
                 96   	mov a, %0
                 97   	lcall ?WriteCommand
                 98   endmac
0377             99   
0377            100   ?WriteCommand:
0377 C297       101            clr ELCD_RS
0379 02034B     102            ljmp ELCD_byte
037C            103   
037C            104   ;---------------------------------;
037C            105   ; Configure LCD in 4-bit mode     ;
037C            106   ;---------------------------------;
037C            107   ELCD_4BIT:
037C C291       108            clr ELCD_E   ; Resting state of LCD's enable pin is zero
037E            109            ;clr ELCD_RW  ; RW forced to zero
037E            110            
037E            111            ; After power on, let the LCD start up before initializing
037E C002       112            push AR2
0380 7A28       112            mov R2, #40
0382 12032D     112            lcall ?Wait_Milli_Seconds
0385 D002       112            pop AR2
0387            112   
0387            113            
0387            114            ; First make sure the LCD is in 8-bit mode and then change to 4-bit mode
0387 7433       115            mov a, #0x33
0389 120377     115            lcall ?WriteCommand
038C 7433       116            mov a, #0x33
038E 120377     116            lcall ?WriteCommand
0391 7432       117            mov a, #0x32
0393 120377     117            lcall ?WriteCommand ; change to 4-bit mode
0396            118   
0396            119            ; Configure the LCD
0396 7428       120            mov a, #0x28
0398 120377     120            lcall ?WriteCommand
039B 740C       121            mov a, #0x0c
039D 120377     121            lcall ?WriteCommand
03A0 7401       122            mov a, #0x01
03A2 120377     122            lcall ?WriteCommand ;  Clear screen command (takes some time)
03A5            123   
03A5            124       ;Wait for the clear screen command to finish.
03A5 C002       125            push AR2
03A7 7A02       125            mov R2, #2
03A9 12032D     125            lcall ?Wait_Milli_Seconds
03AC D002       125            pop AR2
03AE            125   
03AE 22         126       ret
03AF            127   
03AF            128   ;---------------------------------;
03AF            129   ; Send a constant string to LCD   ;
03AF            130   ;---------------------------------;
                131   Send_Constant_String mac
                132   	push dph
                133   	push dpl
                134   	push acc
                135   	mov dptr, %0
                136   	lcall ?Send_Constant_String
                137   	pop acc
                138   	pop dpl
                139   	pop dph
                140   endmac
03AF            141   
03AF            142   ?Send_Constant_String:
03AF E4         143       clr a
03B0 93         144       movc a, @a+dptr
03B1 6006       145       jz ?Send_Constant_String_Done
03B3 120372     146       lcall ?WriteData
03B6 A3         147       inc dptr
03B7 80F6       148       sjmp ?Send_Constant_String
03B9            149   ?Send_Constant_String_Done:
03B9 22         150       ret  
03BA            151   
03BA            152   ;---------------------------------;
03BA            153   ; Set LCD cursor at row, column   ;
03BA            154   ;---------------------------------;
                155   Set_Cursor mac
                156   	push acc
                157   	mov a, #%1
                158   	dec a
                159   	lcall ?Set_Cursor_%0 ; Select column and row
                160   	pop acc
                161   endmac
03BA            162   
03BA            163   ?Set_Cursor_2:
03BA 4440       164            orl a, #01000000B
03BC            165   ?Set_Cursor_1:
03BC 4480       166            orl a, #10000000B
03BE 020377     167            ljmp ?WriteCommand ; Select column and row
03C1            168   
03C1            169   ;---------------------------------;
03C1            170   ; Display a BCD number in the LCD ;
03C1            171   ;---------------------------------;
                172   Display_BCD mac
                173   	push ar0
                174   	mov r0, %0
                175   	lcall ?Display_BCD
                176   	pop ar0
                177   endmac
03C1            178   
03C1            179   ?Display_BCD:
03C1 C0E0       180            push acc
03C3            181            ; Write most significant digit
03C3 E8         182            mov a, r0
03C4 C4         183            swap a
03C5 540F       184            anl a, #0fh
03C7 4430       185            orl a, #30h
03C9 120372     186            lcall ?WriteData
03CC            187            ; write least significant digit
03CC E8         188            mov a, r0
03CD 540F       189            anl a, #0fh
03CF 4430       190            orl a, #30h
03D1 120372     191            lcall ?WriteData
03D4 D0E0       192            pop acc
03D6 22         193            ret
03D7            194   
03D7            195   ELCD_Clr:
03D7 7401       196            mov a, #0x01
03D9 120377     196            lcall ?WriteCommand
03DC C002       197            push AR2
03DE 7A02       197            mov R2, #2
03E0 12032D     197            lcall ?Wait_Milli_Seconds
03E3 D002       197            pop AR2
03E5 22         198       ret
03E6            199   
03E6            200   ELCD_Write_String:
03E6 1203AF     201       lcall ?Send_Constant_String
03E9 22         202       ret
03EA            203   
03EA            204   ;------------------------------------;
03EA            205   ; Display a char in the LCD          ;
03EA            206   ;------------------------------------;
                207   Display_char mac
                208   	push acc
                209   	mov a, %0
                210   	lcall ?WriteData
                211   	pop acc
                212   endmac
03EA            213   
                 -1   $include(keypad_lib_2.asm)
03EA              1   ;--------------------------------------------------
03EA              2   ; Code Segment
03EA              3   ;--------------------------------------------------
03EA              4   CSEG
03EA              5   
03EA              6   ;--------------------------------------------------
03EA              7   ; Lookup table for 7-segment display patterns (common anode)
03EA              8   ; Index 0-F = segment pattern
03EA              9   ;--------------------------------------------------
03EA             10   
03EA             11   myLUT:
03EA C0F9A4B0    12       DB 0C0h, 0F9h, 0A4h, 0B0h, 099h        ; digits 0-4
     99
03EF 9282F880    13       DB 092h, 082h, 0F8h, 080h, 090h        ; digits 5-9
     90
03F4 8883C6A1    14       DB 088h, 083h, 0C6h, 0A1h, 086h, 08Eh  ; A-F
     868E
03FA             15   
03FA             16   ;--------------------------------------------------
03FA             17   ; Macro: showBCD
03FA             18   ; Input : one byte containing two BCD digits
03FA             19   ; Output: two 7-seg displays
03FA             20   ;   %0 = bcd byte
03FA             21   ;   %1 = HEX low
03FA             22   ;   %2 = HEX high
03FA             23   ;--------------------------------------------------
03FA             24   
                 25   showBCD MAC
                 26       ; ---- Display lower nibble (LSD) ----
                 27       mov  A, %0           ; Load BCD byte
                 28       anl  A, #0Fh         ; Keep lower 4 bits
                 29       movc A, @A+dptr      ; Convert using LUT
                 30       mov  %1, A           ; Output to first HEX display
                 31   
                 32       ; ---- Display upper nibble (MSD) ----
                 33       mov  A, %0
                 34       swap A               ; Swap nibbles
                 35       anl  A, #0Fh
                 36       movc A, @A+dptr
                 37       mov  %2, A           ; Output to second HEX display
                 38   ENDMAC
03FA             39   
03FA             40   
03FA             41   ;--------------------------------------------------
03FA             42   ; Display routine - show BCD number on HEX displays
03FA             43   ; KEY3: 0 = show high digits, 1 = show low digits
03FA             44   ; LEDRA.7: overflow indicator if bcd+3 or bcd+4 != 0
03FA             45   ;--------------------------------------------------
03FA             46   
03FA             47   Display:
03FA 9003EA      48       mov dptr, #myLUT     ; Point to lookup table
03FD             49   
03FD             50       ; If digits 10-7 (bcd+3 and bcd+4) are NOT zero
03FD             51       ; turn ON LEDRA.7 as overflow indicator
03FD             52   
03FD E53B        53       mov A, bcd+3
03FF 453C        54       orl A, bcd+4
0401 6004        55       jz  Display_L1
0403 D2EF        56       setb LEDRA.7         ; Alert LED on
0405 8002        57       sjmp Display_L2
0407             58   Display_L1:
0407 C2EF        59       clr LEDRA.7          ; Alert LED off
0409             60   Display_L2:
0409             61   
0409             62       ; If KEY3 pressed (assuming active low) show HIGH digits
0409             63       ; Otherwise show LOW digits
0409             64   
0409 30FB2F      65       jnb KEY.3, Display_high_digits
040C             66   
040C             67       ; Show lower 6 digits
040C             68       ; ---- Display lower nibble (LSD) ----
040C E538        68       mov  A, bcd+0           ; Load BCD byte
040E 540F        68       anl  A, #0Fh         ; Keep lower 4 bits
0410 93          68       movc A, @A+dptr      ; Convert using LUT
0411 F591        68       mov  HEX0, A           ; Output to first HEX display
0413             68   
0413             68       ; ---- Display upper nibble (MSD) ----
0413 E538        68       mov  A, bcd+0
0415 C4          68       swap A               ; Swap nibbles
0416 540F        68       anl  A, #0Fh
0418 93          68       movc A, @A+dptr
0419 F592        68       mov  HEX1, A           ; Output to second HEX display
041B             69       ; ---- Display lower nibble (LSD) ----
041B E539        69       mov  A, bcd+1           ; Load BCD byte
041D 540F        69       anl  A, #0Fh         ; Keep lower 4 bits
041F 93          69       movc A, @A+dptr      ; Convert using LUT
0420 F593        69       mov  HEX2, A           ; Output to first HEX display
0422             69   
0422             69       ; ---- Display upper nibble (MSD) ----
0422 E539        69       mov  A, bcd+1
0424 C4          69       swap A               ; Swap nibbles
0425 540F        69       anl  A, #0Fh
0427 93          69       movc A, @A+dptr
0428 F594        69       mov  HEX3, A           ; Output to second HEX display
042A             70       ; ---- Display lower nibble (LSD) ----
042A E53A        70       mov  A, bcd+2           ; Load BCD byte
042C 540F        70       anl  A, #0Fh         ; Keep lower 4 bits
042E 93          70       movc A, @A+dptr      ; Convert using LUT
042F F58E        70       mov  HEX4, A           ; Output to first HEX display
0431             70   
0431             70       ; ---- Display upper nibble (MSD) ----
0431 E53A        70       mov  A, bcd+2
0433 C4          70       swap A               ; Swap nibbles
0434 540F        70       anl  A, #0Fh
0436 93          70       movc A, @A+dptr
0437 F58F        70       mov  HEX5, A           ; Output to second HEX display
0439 8024        71       sjmp Display_end
043B             72   
043B             73   Display_high_digits:
043B             74       ; Show upper 4 digits
043B             75       ; ---- Display lower nibble (LSD) ----
043B E53B        75       mov  A, bcd+3           ; Load BCD byte
043D 540F        75       anl  A, #0Fh         ; Keep lower 4 bits
043F 93          75       movc A, @A+dptr      ; Convert using LUT
0440 F591        75       mov  HEX0, A           ; Output to first HEX display
0442             75   
0442             75       ; ---- Display upper nibble (MSD) ----
0442 E53B        75       mov  A, bcd+3
0444 C4          75       swap A               ; Swap nibbles
0445 540F        75       anl  A, #0Fh
0447 93          75       movc A, @A+dptr
0448 F592        75       mov  HEX1, A           ; Output to second HEX display
044A             76       ; ---- Display lower nibble (LSD) ----
044A E53C        76       mov  A, bcd+4           ; Load BCD byte
044C 540F        76       anl  A, #0Fh         ; Keep lower 4 bits
044E 93          76       movc A, @A+dptr      ; Convert using LUT
044F F593        76       mov  HEX2, A           ; Output to first HEX display
0451             76   
0451             76       ; ---- Display upper nibble (MSD) ----
0451 E53C        76       mov  A, bcd+4
0453 C4          76       swap A               ; Swap nibbles
0454 540F        76       anl  A, #0Fh
0456 93          76       movc A, @A+dptr
0457 F594        76       mov  HEX3, A           ; Output to second HEX display
0459             77   
0459             78       ; Blank remaining displays
0459 758EFF      79       mov HEX4, #0FFh
045C 758FFF      80       mov HEX5, #0FFh
045F             81   
045F             82   Display_end:
045F 22          83       ret
0460             84   
0460             85   ;--------------------------------------------------
0460             86   ; Macro: Rotate Left through Carry
0460             87   ;--------------------------------------------------
0460             88   
                 89   MYRLC MAC
                 90       mov A, %0
                 91       rlc A
                 92       mov %0, A
                 93   ENDMAC
0460             94   
0460             95   ;--------------------------------------------------
0460             96   ; Shift all BCD digits LEFT by 4 bits
0460             97   ; Makes room for new digit in LSD (R7)
0460             98   ;--------------------------------------------------
0460             99   
0460            100   Shift_Digits_Left:
0460 7804       101       mov R0, #4           ; 4 bit shifts (one nibble)
0462            102   
0462            103   Shift_Digits_Left_L0:
0462 C3         104       clr C                ; Clear carry before shift
0463 E538       105       mov A, bcd+0
0465 33         105       rlc A
0466 F538       105       mov bcd+0, A
0468 E539       106       mov A, bcd+1
046A 33         106       rlc A
046B F539       106       mov bcd+1, A
046D E53A       107       mov A, bcd+2
046F 33         107       rlc A
0470 F53A       107       mov bcd+2, A
0472 E53B       108       mov A, bcd+3
0474 33         108       rlc A
0475 F53B       108       mov bcd+3, A
0477 E53C       109       mov A, bcd+4
0479 33         109       rlc A
047A F53C       109       mov bcd+4, A
047C D8E4       110       djnz R0, Shift_Digits_Left_L0
047E            111   
047E            112       ; Insert new digit from R7 into lowest nibble safely
047E            113       ; Keep upper nibble of bcd+0 unchanged
047E 5338F0     114       anl  bcd+0, #0F0h    ; clear lower nibble
0481 EF         115       mov  A, R7
0482 540F       116       anl  A, #0Fh         ; ensure only 0-F
0484 4238       117       orl  bcd+0, A
0486 22         118       ret
0487            119   
0487            120   ;--------------------------------------------------
0487            121   ; Macro: Rotate Right through Carry
0487            122   ;--------------------------------------------------
0487            123   
                124   MYRRC MAC
                125       mov A, %0
                126       rrc A
                127       mov %0, A
                128   ENDMAC
0487            129   
0487            130   ;--------------------------------------------------
0487            131   ; Shift digits RIGHT by 4 bits
0487            132   ; Used for BACKSPACE (delete last digit)
0487            133   ;--------------------------------------------------
0487            134   
0487            135   Shift_Digits_Right:
0487 7804       136       mov R0, #4
0489            137   
0489            138   Shift_Digits_Right_L0:
0489 C3         139       clr C
048A E53C       140       mov A, bcd+4
048C 13         140       rrc A
048D F53C       140       mov bcd+4, A
048F E53B       141       mov A, bcd+3
0491 13         141       rrc A
0492 F53B       141       mov bcd+3, A
0494 E53A       142       mov A, bcd+2
0496 13         142       rrc A
0497 F53A       142       mov bcd+2, A
0499 E539       143       mov A, bcd+1
049B 13         143       rrc A
049C F539       143       mov bcd+1, A
049E E538       144       mov A, bcd+0
04A0 13         144       rrc A
04A1 F538       144       mov bcd+0, A
04A3 D8E4       145       djnz R0, Shift_Digits_Right_L0
04A5 22         146       ret
04A6            147   
04A6            148   
04A6            149   ;--------------------------------------------------
04A6            150   ; 25 ms delay (software debounce)
04A6            151   ;--------------------------------------------------
04A6            152   
04A6            153   Wait25ms:
04A6 780F       154       mov R0, #15
04A8 794A       155   L6: mov R1, #74
04AA 7AFA       156   L5: mov R2, #250
04AC DAFE       157   L4: djnz R2, L4
04AE D9FA       158       djnz R1, L5
04B0 D8F6       159       djnz R0, L6
04B2 22         160       ret
04B3            161   
04B3            162   
04B3            163   ;--------------------------------------------------
04B3            164   ; Helper routines for parameter storage
04B3            165   ; Each parameter value lives in bcd+0..bcd+1
04B3            166   ; active_param: 0=A, 1=B, 2=C, 3=D
04B3            167   ;--------------------------------------------------
04B3            168   
04B3            169   ; Save current BCD (bcd+0..bcd+1) into active parameter
04B3            170   Save_Current_BCD_Into_Param:
04B3 E558       171       mov A, active_param
04B5 B40007     172       cjne A, #0, Save_NotA
04B8            173       ; A: soak_temp
04B8 853850     174       mov soak_temp,   bcd+0
04BB 853951     175       mov soak_temp+1, bcd+1
04BE 22         176       ret
04BF            177   Save_NotA:
04BF B40107     178       cjne A, #1, Save_NotB
04C2            179       ; B: soak_time
04C2 853852     180       mov soak_time,   bcd+0
04C5 853953     181       mov soak_time+1, bcd+1
04C8 22         182       ret
04C9            183   Save_NotB:
04C9 B40207     184       cjne A, #2, Save_NotC
04CC            185       ; C: reflow_temp
04CC 853854     186       mov reflow_temp,   bcd+0
04CF 853955     187       mov reflow_temp+1, bcd+1
04D2 22         188       ret
04D3            189   Save_NotC:
04D3            190       ; D: reflow_time (default case)
04D3 853856     191       mov reflow_time,   bcd+0
04D6 853957     192       mov reflow_time+1, bcd+1
04D9 22         193       ret
04DA            194   
04DA            195   
04DA            196   ; Load active parameter into BCD (bcd+0..bcd+1)
04DA            197   ; Clear the higher digits.
04DA            198   Load_Param_Into_BCD:
04DA 753A00     199       mov bcd+2, #00h
04DD 753B00     200       mov bcd+3, #00h
04E0 753C00     201       mov bcd+4, #00h
04E3            202   
04E3 E558       203       mov A, active_param
04E5 B40007     204       cjne A, #0, Load_NotA
04E8            205       ; A: soak_temp
04E8 855038     206       mov bcd+0, soak_temp
04EB 855139     207       mov bcd+1, soak_temp+1
04EE 22         208       ret
04EF            209   Load_NotA:
04EF B40107     210       cjne A, #1, Load_NotB
04F2            211       ; B: soak_time
04F2 855238     212       mov bcd+0, soak_time
04F5 855339     213       mov bcd+1, soak_time+1
04F8 22         214       ret
04F9            215   Load_NotB:
04F9 B40207     216       cjne A, #2, Load_NotC
04FC            217       ; C: reflow_temp
04FC 855438     218       mov bcd+0, reflow_temp
04FF 855539     219       mov bcd+1, reflow_temp+1
0502 22         220       ret
0503            221   Load_NotC:
0503            222       ; D: reflow_time (default)
0503 855638     223       mov bcd+0, reflow_time
0506 855739     224       mov bcd+1, reflow_time+1
0509 22         225       ret
050A            226   
050A            227   
050A            228   ;--------------------------------------------------
050A            229   ; Macro: Check one keypad column
050A            230   ; If pressed -> R7 = key value, C=1, jump to Key_Found
050A            231   ; %0 = column bit, %1 = key code (immediate)
050A            232   ;--------------------------------------------------
050A            233   
                234   CHECK_COLUMN MAC
                235       jb  %0, CHECK_COL_%M     ; if column=1 -> no key here -> skip
                236       mov R7, %1               ; store key code
                237       jnb %0, $                ; wait until key is released
                238       setb C                   ; mark "key found"
                239       ljmp Key_Found           ; use long jump instead of short
                240   CHECK_COL_%M:
                241   ENDMAC
050A            242   
050A            243   
050A            244   ;--------------------------------------------------
050A            245   ; Configure GPIO directions for keypad
050A            246   ;--------------------------------------------------
050A            247   
050A            248   Configure_Keypad_Pins:
050A 439B54     249       orl P1MOD, #01010100b    ; Rows as output on P1
050D 439C01     250       orl P2MOD, #00000001b
0510 539CAB     251       anl P2MOD, #10101011b    ; Columns as input on P2
0513 539DFE     252       anl P3MOD, #11111110b    ; Column on P3.0 input
0516 22         253       ret
0517            254   
0517            255   ; Pin definitions for keypad
0517            256   ROW1 EQU P1.2
0517            257   ROW2 EQU P1.4
0517            258   ROW3 EQU P1.6
0517            259   ROW4 EQU P2.0
0517            260   
0517            261   COL1 EQU P2.2
0517            262   COL2 EQU P2.4
0517            263   COL3 EQU P2.6
0517            264   COL4 EQU P3.0
0517            265   
0517            266   ;--------------------------------------------------
0517            267   ; Keypad scanning routine
0517            268   ; Output:
0517            269   ;   C = 1 -> numeric key pressed, code in R7 (0-9, maybe E/F)
0517            270   ;   C = 0 -> no digit (no key, mode key, or backspace/clear)
0517            271   ;--------------------------------------------------
0517            272   
0517            273   Keypad:
0517            274   
0517            275       ; KEY1 acts as BACKSPACE / ERASE
0517            276   
0517 20F90E     277       jb  KEY.1, keypad_L0     ; if KEY1=1 (not pressed) -> skip
051A 1204A6     278       lcall Wait25ms
051D 20F908     279       jb  KEY.1, keypad_L0     ; if bounced back high, skip
0520 30F9FD     280       jnb KEY.1, $             ; wait for release (KEY1 low while pressed)
0523 120487     281       lcall Shift_Digits_Right ; delete LSD for active parameter
0526 C3         282       clr C                    ; no digit returned
0527 22         283       ret
0528            284   
0528            285   keypad_L0:
0528            286   
0528            287       ; Drive all rows LOW - check if any column LOW
0528            288   
0528 C292       289       clr ROW1
052A C294       290       clr ROW2
052C C296       291       clr ROW3
052E C2A0       292       clr ROW4
0530            293   
0530 A2A2       294       mov C, COL1
0532 82A4       295       anl C, COL2
0534 82A6       296       anl C, COL3
0536 82B0       297       anl C, COL4
0538 5002       298       jnc Keypad_Debounce      ; if any column low -> possible key
053A C3         299       clr C
053B 22         300       ret
053C            301   
053C            302   Keypad_Debounce:
053C            303       ; Wait and check again to avoid bouncing
053C 1204A6     304       lcall Wait25ms
053F            305   
053F A2A2       306       mov C, COL1
0541 82A4       307       anl C, COL2
0543 82A6       308       anl C, COL3
0545 82B0       309       anl C, COL4
0547 5002       310       jnc Keypad_Key_Code
0549 C3         311       clr C
054A 22         312       ret
054B            313   
054B            314   Keypad_Key_Code:
054B            315       ; Prepare to scan each row individually
054B D292       316       setb ROW1
054D D294       317       setb ROW2
054F D296       318       setb ROW3
0551 D2A0       319       setb ROW4
0553            320   
0553            321       ; SW0 selects layout orientation
0553 30E803     322       jnb SWA.0, keypad_default
0556 02062B     323       ljmp keypad_90deg
0559            324   
0559            325   
0559            326   ;--------------------------------------------------
0559            327   ; Default keypad layout
0559            328   ;--------------------------------------------------
0559            329   ; Mapping (default):
0559            330   ;   Row1: 1  2  3  A (0Ah)
0559            331   ;   Row2: 4  5  6  B (0Bh)
0559            332   ;   Row3: 7  8  9  C (0Ch)
0559            333   ;   Row4: *  0  #  D (0Eh,00h,0Fh,0Dh)
0559            334   ;--------------------------------------------------
0559            335   
0559            336   keypad_default:
0559            337   
0559 C292       338       clr ROW1
055B 20A209     339       jb  COL1, CHECK_COL_26     ; if column=1 -> no key here -> skip
055E 7F01       339       mov R7, #01h               ; store key code
0560 30A2FD     339       jnb COL1, $                ; wait until key is released
0563 D3         339       setb C                   ; mark "key found"
0564 0206FD     339       ljmp Key_Found           ; use long jump instead of short
0567            339   CHECK_COL_26:
0567 20A409     340       jb  COL2, CHECK_COL_27     ; if column=1 -> no key here -> skip
056A 7F02       340       mov R7, #02h               ; store key code
056C 30A4FD     340       jnb COL2, $                ; wait until key is released
056F D3         340       setb C                   ; mark "key found"
0570 0206FD     340       ljmp Key_Found           ; use long jump instead of short
0573            340   CHECK_COL_27:
0573 20A609     341       jb  COL3, CHECK_COL_28     ; if column=1 -> no key here -> skip
0576 7F03       341       mov R7, #03h               ; store key code
0578 30A6FD     341       jnb COL3, $                ; wait until key is released
057B D3         341       setb C                   ; mark "key found"
057C 0206FD     341       ljmp Key_Found           ; use long jump instead of short
057F            341   CHECK_COL_28:
057F 20B009     342       jb  COL4, CHECK_COL_29     ; if column=1 -> no key here -> skip
0582 7F0A       342       mov R7, #0Ah               ; store key code
0584 30B0FD     342       jnb COL4, $                ; wait until key is released
0587 D3         342       setb C                   ; mark "key found"
0588 0206FD     342       ljmp Key_Found           ; use long jump instead of short
058B            342   CHECK_COL_29:
058B D292       343       setb ROW1
058D            344   
058D C294       345       clr ROW2
058F 20A209     346       jb  COL1, CHECK_COL_30     ; if column=1 -> no key here -> skip
0592 7F04       346       mov R7, #04h               ; store key code
0594 30A2FD     346       jnb COL1, $                ; wait until key is released
0597 D3         346       setb C                   ; mark "key found"
0598 0206FD     346       ljmp Key_Found           ; use long jump instead of short
059B            346   CHECK_COL_30:
059B 20A409     347       jb  COL2, CHECK_COL_31     ; if column=1 -> no key here -> skip
059E 7F05       347       mov R7, #05h               ; store key code
05A0 30A4FD     347       jnb COL2, $                ; wait until key is released
05A3 D3         347       setb C                   ; mark "key found"
05A4 0206FD     347       ljmp Key_Found           ; use long jump instead of short
05A7            347   CHECK_COL_31:
05A7 20A609     348       jb  COL3, CHECK_COL_32     ; if column=1 -> no key here -> skip
05AA 7F06       348       mov R7, #06h               ; store key code
05AC 30A6FD     348       jnb COL3, $                ; wait until key is released
05AF D3         348       setb C                   ; mark "key found"
05B0 0206FD     348       ljmp Key_Found           ; use long jump instead of short
05B3            348   CHECK_COL_32:
05B3 20B009     349       jb  COL4, CHECK_COL_33     ; if column=1 -> no key here -> skip
05B6 7F0B       349       mov R7, #0Bh               ; store key code
05B8 30B0FD     349       jnb COL4, $                ; wait until key is released
05BB D3         349       setb C                   ; mark "key found"
05BC 0206FD     349       ljmp Key_Found           ; use long jump instead of short
05BF            349   CHECK_COL_33:
05BF D294       350       setb ROW2
05C1            351   
05C1 C296       352       clr ROW3
05C3 20A209     353       jb  COL1, CHECK_COL_34     ; if column=1 -> no key here -> skip
05C6 7F07       353       mov R7, #07h               ; store key code
05C8 30A2FD     353       jnb COL1, $                ; wait until key is released
05CB D3         353       setb C                   ; mark "key found"
05CC 0206FD     353       ljmp Key_Found           ; use long jump instead of short
05CF            353   CHECK_COL_34:
05CF 20A409     354       jb  COL2, CHECK_COL_35     ; if column=1 -> no key here -> skip
05D2 7F08       354       mov R7, #08h               ; store key code
05D4 30A4FD     354       jnb COL2, $                ; wait until key is released
05D7 D3         354       setb C                   ; mark "key found"
05D8 0206FD     354       ljmp Key_Found           ; use long jump instead of short
05DB            354   CHECK_COL_35:
05DB 20A609     355       jb  COL3, CHECK_COL_36     ; if column=1 -> no key here -> skip
05DE 7F09       355       mov R7, #09h               ; store key code
05E0 30A6FD     355       jnb COL3, $                ; wait until key is released
05E3 D3         355       setb C                   ; mark "key found"
05E4 0206FD     355       ljmp Key_Found           ; use long jump instead of short
05E7            355   CHECK_COL_36:
05E7 20B009     356       jb  COL4, CHECK_COL_37     ; if column=1 -> no key here -> skip
05EA 7F0C       356       mov R7, #0Ch               ; store key code
05EC 30B0FD     356       jnb COL4, $                ; wait until key is released
05EF D3         356       setb C                   ; mark "key found"
05F0 0206FD     356       ljmp Key_Found           ; use long jump instead of short
05F3            356   CHECK_COL_37:
05F3 D296       357       setb ROW3
05F5            358   
05F5 C2A0       359       clr ROW4
05F7 20A209     360       jb  COL1, CHECK_COL_38     ; if column=1 -> no key here -> skip
05FA 7F0E       360       mov R7, #0Eh               ; store key code
05FC 30A2FD     360       jnb COL1, $                ; wait until key is released
05FF D3         360       setb C                   ; mark "key found"
0600 0206FD     360       ljmp Key_Found           ; use long jump instead of short
0603            360   CHECK_COL_38:   ; '*' delete
0603 20A409     361       jb  COL2, CHECK_COL_39     ; if column=1 -> no key here -> skip
0606 7F00       361       mov R7, #00h               ; store key code
0608 30A4FD     361       jnb COL2, $                ; wait until key is released
060B D3         361       setb C                   ; mark "key found"
060C 0206FD     361       ljmp Key_Found           ; use long jump instead of short
060F            361   CHECK_COL_39:   ; '0'
060F 20A609     362       jb  COL3, CHECK_COL_40     ; if column=1 -> no key here -> skip
0612 7F0F       362       mov R7, #0Fh               ; store key code
0614 30A6FD     362       jnb COL3, $                ; wait until key is released
0617 D3         362       setb C                   ; mark "key found"
0618 0206FD     362       ljmp Key_Found           ; use long jump instead of short
061B            362   CHECK_COL_40:   ; '#' clear
061B 20B009     363       jb  COL4, CHECK_COL_41     ; if column=1 -> no key here -> skip
061E 7F0D       363       mov R7, #0Dh               ; store key code
0620 30B0FD     363       jnb COL4, $                ; wait until key is released
0623 D3         363       setb C                   ; mark "key found"
0624 0206FD     363       ljmp Key_Found           ; use long jump instead of short
0627            363   CHECK_COL_41:   ; 'D'
0627 D2A0       364       setb ROW4
0629            365   
0629            366       ; If we reached here, no key found
0629 C3         367       clr C
062A 22         368       ret
062B            369   
062B            370   
062B            371   ;--------------------------------------------------
062B            372   ; Rotated keypad layout (90 degrees CCW)
062B            373   ;--------------------------------------------------
062B            374   
062B            375   keypad_90deg:
062B C292       376       clr ROW1
062D 20A209     377       jb  COL1, CHECK_COL_42     ; if column=1 -> no key here -> skip
0630 7F0A       377       mov R7, #0Ah               ; store key code
0632 30A2FD     377       jnb COL1, $                ; wait until key is released
0635 D3         377       setb C                   ; mark "key found"
0636 0206FD     377       ljmp Key_Found           ; use long jump instead of short
0639            377   CHECK_COL_42:
0639 20A409     378       jb  COL2, CHECK_COL_43     ; if column=1 -> no key here -> skip
063C 7F0B       378       mov R7, #0Bh               ; store key code
063E 30A4FD     378       jnb COL2, $                ; wait until key is released
0641 D3         378       setb C                   ; mark "key found"
0642 0206FD     378       ljmp Key_Found           ; use long jump instead of short
0645            378   CHECK_COL_43:
0645 20A609     379       jb  COL3, CHECK_COL_44     ; if column=1 -> no key here -> skip
0648 7F0C       379       mov R7, #0Ch               ; store key code
064A 30A6FD     379       jnb COL3, $                ; wait until key is released
064D D3         379       setb C                   ; mark "key found"
064E 0206FD     379       ljmp Key_Found           ; use long jump instead of short
0651            379   CHECK_COL_44:
0651 20B009     380       jb  COL4, CHECK_COL_45     ; if column=1 -> no key here -> skip
0654 7F0D       380       mov R7, #0Dh               ; store key code
0656 30B0FD     380       jnb COL4, $                ; wait until key is released
0659 D3         380       setb C                   ; mark "key found"
065A 0206FD     380       ljmp Key_Found           ; use long jump instead of short
065D            380   CHECK_COL_45:
065D D292       381       setb ROW1
065F            382   
065F C294       383       clr ROW2
0661 20A209     384       jb  COL1, CHECK_COL_46     ; if column=1 -> no key here -> skip
0664 7F03       384       mov R7, #03h               ; store key code
0666 30A2FD     384       jnb COL1, $                ; wait until key is released
0669 D3         384       setb C                   ; mark "key found"
066A 0206FD     384       ljmp Key_Found           ; use long jump instead of short
066D            384   CHECK_COL_46:
066D 20A409     385       jb  COL2, CHECK_COL_47     ; if column=1 -> no key here -> skip
0670 7F06       385       mov R7, #06h               ; store key code
0672 30A4FD     385       jnb COL2, $                ; wait until key is released
0675 D3         385       setb C                   ; mark "key found"
0676 0206FD     385       ljmp Key_Found           ; use long jump instead of short
0679            385   CHECK_COL_47:
0679 20A609     386       jb  COL3, CHECK_COL_48     ; if column=1 -> no key here -> skip
067C 7F09       386       mov R7, #09h               ; store key code
067E 30A6FD     386       jnb COL3, $                ; wait until key is released
0681 D3         386       setb C                   ; mark "key found"
0682 0206FD     386       ljmp Key_Found           ; use long jump instead of short
0685            386   CHECK_COL_48:
0685 20B009     387       jb  COL4, CHECK_COL_49     ; if column=1 -> no key here -> skip
0688 7F0F       387       mov R7, #0Fh               ; store key code
068A 30B0FD     387       jnb COL4, $                ; wait until key is released
068D D3         387       setb C                   ; mark "key found"
068E 0206FD     387       ljmp Key_Found           ; use long jump instead of short
0691            387   CHECK_COL_49:
0691 D294       388       setb ROW2
0693            389   
0693 C296       390       clr ROW3
0695 20A209     391       jb  COL1, CHECK_COL_50     ; if column=1 -> no key here -> skip
0698 7F02       391       mov R7, #02h               ; store key code
069A 30A2FD     391       jnb COL1, $                ; wait until key is released
069D D3         391       setb C                   ; mark "key found"
069E 0206FD     391       ljmp Key_Found           ; use long jump instead of short
06A1            391   CHECK_COL_50:
06A1 20A409     392       jb  COL2, CHECK_COL_51     ; if column=1 -> no key here -> skip
06A4 7F05       392       mov R7, #05h               ; store key code
06A6 30A4FD     392       jnb COL2, $                ; wait until key is released
06A9 D3         392       setb C                   ; mark "key found"
06AA 0206FD     392       ljmp Key_Found           ; use long jump instead of short
06AD            392   CHECK_COL_51:
06AD 20A609     393       jb  COL3, CHECK_COL_52     ; if column=1 -> no key here -> skip
06B0 7F08       393       mov R7, #08h               ; store key code
06B2 30A6FD     393       jnb COL3, $                ; wait until key is released
06B5 D3         393       setb C                   ; mark "key found"
06B6 0206FD     393       ljmp Key_Found           ; use long jump instead of short
06B9            393   CHECK_COL_52:
06B9 20B009     394       jb  COL4, CHECK_COL_53     ; if column=1 -> no key here -> skip
06BC 7F00       394       mov R7, #00h               ; store key code
06BE 30B0FD     394       jnb COL4, $                ; wait until key is released
06C1 D3         394       setb C                   ; mark "key found"
06C2 0206FD     394       ljmp Key_Found           ; use long jump instead of short
06C5            394   CHECK_COL_53:
06C5 D296       395       setb ROW3
06C7            396   
06C7 C2A0       397       clr ROW4
06C9 20A209     398       jb  COL1, CHECK_COL_54     ; if column=1 -> no key here -> skip
06CC 7F01       398       mov R7, #01h               ; store key code
06CE 30A2FD     398       jnb COL1, $                ; wait until key is released
06D1 D3         398       setb C                   ; mark "key found"
06D2 0206FD     398       ljmp Key_Found           ; use long jump instead of short
06D5            398   CHECK_COL_54:
06D5 20A409     399       jb  COL2, CHECK_COL_55     ; if column=1 -> no key here -> skip
06D8 7F04       399       mov R7, #04h               ; store key code
06DA 30A4FD     399       jnb COL2, $                ; wait until key is released
06DD D3         399       setb C                   ; mark "key found"
06DE 0206FD     399       ljmp Key_Found           ; use long jump instead of short
06E1            399   CHECK_COL_55:
06E1 20A609     400       jb  COL3, CHECK_COL_56     ; if column=1 -> no key here -> skip
06E4 7F07       400       mov R7, #07h               ; store key code
06E6 30A6FD     400       jnb COL3, $                ; wait until key is released
06E9 D3         400       setb C                   ; mark "key found"
06EA 0206FD     400       ljmp Key_Found           ; use long jump instead of short
06ED            400   CHECK_COL_56:
06ED 20B009     401       jb  COL4, CHECK_COL_57     ; if column=1 -> no key here -> skip
06F0 7F0E       401       mov R7, #0Eh               ; store key code
06F2 30B0FD     401       jnb COL4, $                ; wait until key is released
06F5 D3         401       setb C                   ; mark "key found"
06F6 0206FD     401       ljmp Key_Found           ; use long jump instead of short
06F9            401   CHECK_COL_57:
06F9 D2A0       402       setb ROW4
06FB            403   
06FB            404       ; If we reached here, no key found
06FB C3         405       clr C
06FC 22         406       ret
06FD            407   
06FD            408   
06FD            409   ;--------------------------------------------------
06FD            410   ; Key_Found:
06FD            411   ;   R7 = key code (0-F), C = 1 when we get here.
06FD            412   ;   A/B/C/D (0Ah-0Dh) -> mode select
06FD            413   ;   * (0Eh)           -> delete / backspace one digit
06FD            414   ;   # (0Fh)           -> clear all digits
06FD            415   ;   others (0-9, maybe E/F) -> digit
06FD            416   ;--------------------------------------------------
06FD            417   
06FD            418   Key_Found:
06FD EF         419       mov A, R7
06FE            420   
06FE            421       ; --- Mode A (soak temperature) ---
06FE B40A0B     422       cjne A, #0Ah, KF_CheckB
0701 1204B3     423       lcall Save_Current_BCD_Into_Param
0704 755800     424       mov   active_param, #0       ; A: soak_temp
0707 1204DA     425       lcall Load_Param_Into_BCD
070A C3         426       clr C                        ; do not treat as digit
070B 22         427       ret
070C            428   
070C            429   KF_CheckB:
070C            430       ; --- Mode B (soak time) ---
070C B40B0B     431       cjne A, #0Bh, KF_CheckC
070F 1204B3     432       lcall Save_Current_BCD_Into_Param
0712 755801     433       mov   active_param, #1       ; B: soak_time
0715 1204DA     434       lcall Load_Param_Into_BCD
0718 C3         435       clr C
0719 22         436       ret
071A            437   
071A            438   KF_CheckC:
071A            439       ; --- Mode C (reflow temperature) ---
071A B40C0B     440       cjne A, #0Ch, KF_CheckD
071D 1204B3     441       lcall Save_Current_BCD_Into_Param
0720 755802     442       mov   active_param, #2       ; C: reflow_temp
0723 1204DA     443       lcall Load_Param_Into_BCD
0726 C3         444       clr C
0727 22         445       ret
0728            446   
0728            447   KF_CheckD:
0728            448       ; --- Mode D (reflow time) ---
0728 B40D0B     449       cjne A, #0Dh, KF_CheckStar
072B 1204B3     450       lcall Save_Current_BCD_Into_Param
072E 755803     451       mov   active_param, #3       ; D: reflow_time
0731 1204DA     452       lcall Load_Param_Into_BCD
0734 C3         453       clr C
0735 22         454       ret
0736            455   
0736            456   KF_CheckStar:
0736            457       ; --- '*' key (code 0Eh) -> delete / backspace ---
0736 B40E05     458       cjne A, #0Eh, KF_CheckHash
0739            459       ; Backspace = shift digits right by 1 digit
0739 120487     460       lcall Shift_Digits_Right
073C C3         461       clr C                        ; no new digit for main loop
073D 22         462       ret
073E            463   
073E            464   KF_CheckHash:
073E            465       ; --- '#' key (code 0Fh) -> clear ---
073E B40F0D     466       cjne A, #0Fh, KF_Digit
0741            467       ; Clear all BCD digits for current parameter
0741 E4         468       clr A
0742 F538       469       mov bcd+0, A
0744 F539       470       mov bcd+1, A
0746 F53A       471       mov bcd+2, A
0748 F53B       472       mov bcd+3, A
074A F53C       473       mov bcd+4, A
074C C3         474       clr C                        ; no digit to insert
074D 22         475       ret
074E            476   
074E            477   KF_Digit:
074E            478       ; Not A/B/C/D/*/# -> treat as numeric digit key
074E            479       ; R7 holds the digit, Carry = 1 -> main loop will append it
074E 22         480       ret
074F             77   
074F             78   cseg
074F             79   ; These 'equ' must match the wiring between the DE10Lite board and the LCD!
074F             80   ; P0 is in connector JPIO.  Check "CV-8052 Soft Processor in the DE10Lite Board: Getting
074F             81   ; Started Guide" for the details.
074F             82   ELCD_RS equ P1.7
074F             83   ; ELCD_RW equ Px.x ; Not used.  Connected to ground 
074F             84   ELCD_E  equ P1.1
074F             85   ELCD_D4 equ P0.7
074F             86   ELCD_D5 equ P0.5
074F             87   ELCD_D6 equ P0.3
074F             88   ELCD_D7 equ P0.1
074F             89   SSR_PIN equ P0.0
074F             90   START_BUTTON equ P0.2
074F             91   STOP_BUTTON equ P1.3
074F             92   SOUND_OUT equ P0.4
074F             93   
074F             94   cseg
074F             95   ;---------------------------------;
074F             96   ; Routine to initialize the ISR   ;
074F             97   ; for timer 0                     ;
074F             98   ;---------------------------------;
074F             99   Emergency_Check_Button:
074F            100       ; Assume active-high emergency input.
074F            101       ; If your button is active-low, flip the JB/JNB logic below.
074F 209301     102       jb STOP_BUTTON, Emergency_Triggered
0752 22         103       ret
0753            104   
0753            105   Emergency_Triggered:
0753 D203       106       setb emergency_f     ; latch emergency condition
0755            107   
0755 C280       108       clr SSR_PIN          ; heater OFF immediately
0757 756000     109       mov FSM_state, #0x00 ; go to idle
075A D202       110       setb state_flag      ; force "new state" UI update
075C            111   
075C            112       ; Optional: stop buzzer if you had one running
075C C28C       113       clr TR0
075E C2A9       114       clr ET0
0760            115   
0760 22         116       ret
0761            117   
0761            118   Timer0_Init:
0761 E589       119            mov a, TMOD
0763 54F0       120            anl a, #0xf0 ; 11110000 Clear the bits for timer 0
0765 4401       121            orl a, #0x01 ; 00000001 Configure timer 0 as 16-timer
0767 F589       122            mov TMOD, a
0769            123            
0769 855A8C     124            mov TH0, Timer0Reload+1
076C 85598A     125            mov TL0, Timer0Reload+0
076F            126            
076F            127            ; Enable the timer and interrupts
076F D2A9       128       setb ET0  ; Enable timer 0 interrupt
0771 D28C       129       setb TR0  ; Start timer 0
0773 22         130            ret
0774            131   
0774            132   ;---------------------------------;
0774            133   ; ISR for timer 0.  Set to execute;
0774            134   ; every 1/4096Hz to generate a    ;
0774            135   ; 2048 Hz wave at pin SOUND_OUT   ;
0774            136   ;---------------------------------;
0774            137   
0774            138   Timer0_ISR:
0774 C28C       139            clr TR0
0776 855A8C     140            mov TH0, Timer0Reload+1
0779 85598A     141            mov TL0, Timer0Reload+0
077C D28C       142            setb TR0
077E B284       143            cpl SOUND_OUT ; Connect speaker the pin assigned to 'SOUND_OUT'!
0780 32         144            reti
0781            145   
0781            146   ;---------------------------------;
0781            147   ; Routine to initialize the ISR   ;
0781            148   ; for timer 2                     ;
0781            149   ;---------------------------------;
0781            150   Timer2_Init:
0781 75C800     151            mov T2CON, #0 ; Stop timer/counter.  Autoreload mode.
0784 75CDF5     152            mov TH2, #high(TIMER2_RELOAD)
0787 75CC27     153            mov TL2, #low(TIMER2_RELOAD)
078A            154            ; Set the reload value
078A 75CBF5     155            mov RCAP2H, #high(TIMER2_RELOAD)
078D 75CA27     156            mov RCAP2L, #low(TIMER2_RELOAD)
0790            157            ; Enable the timer and interrupts
0790 D2AD       158       setb ET2  ; Enable timer 2 interrupt
0792 D2CA       159       setb TR2  ; Enable timer 2
0794 22         160            ret
0795            161   
0795            162   ;---------------------------------;
0795            163   ; ISR for timer 2.  Runs every ms ;
0795            164   ;---------------------------------;
0795            165   
0795            166   Timer2_ISR:
0795            167   
0795 C2CF       168            clr TF2  ; Timer 2 doesn't clear TF2 automatically. Do it in ISR
0797            169            ; Increment the timers for each FSM. That is all we do here!
0797 055B       170            inc FSM_timer 
0799            171            
0799 E55B       172            mov a, FSM_timer
079B B4FA1B     173            cjne a, #250, FSM_timer_done
079E            174            
079E 055C       175            inc QuarterSecondsCounter
07A0 755B00     176            mov FSM_timer, #0x00
07A3            177            
07A3 E55C       178            mov a, QuarterSecondsCounter
07A5 B40411     179            cjne a, #4, FSM_timer_done
07A8            180            
07A8 755C00     181            mov QuarterSecondsCounter, #0x00
07AB 055D       182            inc SecondsCounter
07AD 055E       183            inc SecondsCounterTotal ; USE THIS FOR THE TOTAL TIMER. IT NEVER RESETS SO DONT WORRY
07AF            184            
07AF E55E       185            mov a, SecondsCounterTotal
07B1 B43C05     186            cjne a, #60, FSM_timer_done
07B4 055F       187            inc MinutesCounterTotal
07B6 755E00     188            mov SecondsCounterTotal, #0x00
07B9            189            
07B9            190            FSM_timer_done:
07B9 32         191            reti
07BA            192   
07BA            193   ; Look-up table for the 7-seg displays. (Segments are turn on with zero) 
07BA            194   T_7seg:
07BA C0F9A4B0   195       DB 0C0H, 0F9H, 0A4H, 0B0H, 099H, 092H, 082H, 0F8H, 080H, 090H
     999282F8
     8090
07C4            196   
07C4            197   ; Displays a BCD number pased in R0 in HEX1-HEX0
07C4            198   Display_BCD_7_Seg_HEX10:
07C4 9007BA     199            mov dptr, #T_7seg
07C7            200   
07C7 E8         201            mov a, R0
07C8 C4         202            swap a
07C9 540F       203            anl a, #0FH
07CB 93         204            movc a, @a+dptr
07CC F592       205            mov HEX1, a
07CE            206            
07CE E8         207            mov a, R0
07CF 540F       208            anl a, #0FH
07D1 93         209            movc a, @a+dptr
07D2 F591       210            mov HEX0, a
07D4            211            
07D4 22         212            ret
07D5            213   
07D5            214   ; Displays a BCD number pased in R0 in HEX3-HEX2
07D5            215   Display_BCD_7_Seg_HEX32:
07D5 9007BA     216            mov dptr, #T_7seg
07D8            217   
07D8 E8         218            mov a, R0
07D9 C4         219            swap a
07DA 540F       220            anl a, #0FH
07DC 93         221            movc a, @a+dptr
07DD F594       222            mov HEX3, a
07DF            223            
07DF E8         224            mov a, R0
07E0 540F       225            anl a, #0FH
07E2 93         226            movc a, @a+dptr
07E3 F593       227            mov HEX2, a
07E5            228            
07E5 22         229            ret
07E6            230   
07E6            231   ; Displays a BCD number pased in R0 in HEX5-HEX4
07E6            232   Display_BCD_7_Seg_HEX54:
07E6 9007BA     233            mov dptr, #T_7seg
07E9            234   
07E9 E8         235            mov a, R0
07EA C4         236            swap a
07EB 540F       237            anl a, #0FH
07ED 93         238            movc a, @a+dptr
07EE F58F       239            mov HEX5, a
07F0            240            
07F0 E8         241            mov a, R0
07F1 540F       242            anl a, #0FH
07F3 93         243            movc a, @a+dptr
07F4 F58E       244            mov HEX4, a
07F6            245            
07F6 22         246            ret
07F7            247   
07F7            248   ; The 8-bit hex number passed in the accumulator is converted to
07F7            249   ; BCD and stored in [R1, R0]
07F7            250   Hex_to_bcd_8bit:
07F7 75F064     251            mov b, #100
07FA 84         252            div ab
07FB F9         253            mov R1, a   ; After dividing, a has the 100s
07FC E5F0       254            mov a, b    ; Remainder is in register b
07FE 75F00A     255            mov b, #10
0801 84         256            div ab ; The tens are stored in a, the units are stored in b 
0802 C4         257            swap a
0803 54F0       258            anl a, #0xf0
0805 45F0       259            orl a, b
0807 F8         260            mov R0, a
0808 22         261            ret
0809            262   
0809            263   
0809            264   ;-------MACROS--------------------;
0809            265   ;Example macro to help with process %0,1,etc represents the input number, this is all pass by reference(i.e it can actually affect the variable)
0809            266   
                267   ADD_16 MAC
                268       ADD A, %0     ; Add low byte
                269       MOV R2, A       ; Store result back in low var
                270       MOV A, R1       ; Move existing high byte to A
                271       ADDC A, %1     ; Add high byte with carry
                272       MOV R1, A       ; Store back in R1
                273   ENDMAC
0809            274   
                275   Load_X_Var16 MAC
                276   mov x+0, %0+0
                277   mov x+1, %0+1
                278   mov x+2, #0
                279   mov x+3, #0
                280   ENDMAC
0809            281   
                282   Load_Y_Var16 MAC
                283   mov y+0, %0+0
                284   mov y+1, %0+1
                285   mov y+2, #0
                286   mov y+3, #0
                287   ENDMAC
0809            288   
                289   Load_X_Var8 MAC
                290       
                291   mov x+0, %0+0
                292   mov x+1, #0
                293   mov x+2, #0
                294   mov x+3, #0
                295   ENDMAC
0809            296   
                297   Load_Y_Var8 MAC
                298       
                299   mov y+0, %0+0
                300   mov y+1, #0
                301   mov y+2, #0
                302   mov y+3, #0
                303   ENDMAC
0809            304   
0809            305   ;Macro for conversion of LM335
                306   tempConv_cold MAC
                307   	; Load 32-bit 'x' with 12-bit adc result
                308   	mov x+3, #0
                309   	mov x+2, #0
                310   	mov x+1, ADC_H
                311   	mov x+0, ADC_L
                312   
                313   	Load_y(5000)
                314       lcall mul32
                315       Load_y(4096)
                316       lcall div32           ; x = Vlm in mV
                317   
                318       Load_y(10)
                319       lcall div32           ; x = Kelvin
                320       Load_y(273)
                321       lcall sub32           ; x = Celsius
                322       
                323       mov tempCold+0, x+0
                324   	mov tempCold+1, x+1
                325   	mov tempCold+2, x+2
                326   	mov tempCold+3, x+3
                327       
                328       
                329   
                330   ENDMAC
0809            331   
0809            332   ;For the coupling wire
                333   tempConv_hot MAC
                334   	; Load 32-bit 'x' with 12-bit adc result
                335   	mov x+3, #0
                336   	mov x+2, #0
                337   	mov x+1, ADC_H
                338   	mov x+0, ADC_L
                339   
                340   	Load_y(10000)         ; Was 1000, now 10000 to keep one decimal place
                341       lcall mul32
                342       Load_y(12300)
                343       lcall div32           ; x = scaled TC temperature (e.g., 123 for 12.3C)
                344   
                345       ; Save this intermediate result in y to free up x for CJ scaling
                346       mov y+0, x+0
                347       mov y+1, x+1
                348       mov y+2, x+2
                349       mov y+3, x+3
                350   
                351       
                352   
                353   ENDMAC
0809            354   
                355   tempConv_final MAC
                356   	; Load Cold Junction and scale it by 10 to match units
                357       mov x+0, tempCold+0
                358       mov x+1, tempCold+1
                359       mov x+2, tempCold+2
                360       mov x+3, tempCold+3
                361       
                362       push y+0              ; Save our TC result safely
                363       push y+1
                364       push y+2
                365       push y+3
                366       
                367       Load_y(10)
                368       lcall mul32           ; x = CJ * 10
                369       
                370       pop y+3               ; Restore TC result into y
                371       pop y+2
                372       pop y+1
                373       pop y+0
                374       
                375       lcall add32           ; Final result: (TC_temp*10) + (CJ_temp*10)
                376       
                377       mov tempFinal+0, x+0
                378   	mov tempFinal+1, x+1
                379   	mov tempFinal+2, x+2
                380   	mov tempFinal+3, x+3
                381       
                382   
                383   
                384   
                385   ENDMAC
0809            386   
                387   powerPercent MAC
                388   	;Convert percentage of time into a time it needs to be on %0 is percentage(i.e 20 is 20%) on, %1 is total time, %2 is the time on
                389   	;load_x(%0)
                390   	mov x+0, %0
                391   	mov x+1, #0
                392   	mov x+2, #0
                393   	mov x+3, #0
                394   	;converts x to a percentage through fractions
                395   	Load_Y_Var16(%1)
                396   	lcall mul32
                397   	
                398   	load_y(100)
                399   	lcall div32
                400   	
                401   	mov %2+0, x+0
                402   	mov %2+1, x+1
                403   ENDMAC
0809            404   
0809            405   ;---------------------------------;
0809            406   ; Main program. Includes hardware ;
0809            407   ; initialization and 'forever'    ;
0809            408   ; loop.                           ;
0809            409   ;---------------------------------;
0809            410   
0809            411   Initial_ALL:
0809            412   
0809 C2AF       413            clr EA ;disables global interupts
080B            414            
080B            415            ; Initialization of hardware
080B 120781     416       lcall Timer2_Init
080E 12037C     417       lcall ELCD_4BIT ; Configure LCD in four bit mode
0811            418       ; Turn off all the LEDs
0811            419            
0811 75817F     420            mov SP, #7FH ; Set the beginning of the stack (more on this later)
0814 75E800     421            mov LEDRA, #0 ; Turn off all unused LEDs (Too bright!)
0817 759500     422            mov LEDRB, #0
081A 75817F     423            mov SP, #0x7F
081D            424            
081D            425            
081D            426            ; Initialize variables
081D 756000     427       mov FSM_state, #0x00
0820 C280       428            clr SSR_PIN
0822 C200       429            clr mf
0824 C201       430            clr ssr_f
0826 D202       431            setb state_flag ;tells the de10-lite its a new state
0828            432            
0828 755F00     433            mov MinutesCounterTotal, #0x00
082B 755E00     434            mov SecondsCounterTotal, #0x00
082E 755C00     435       mov QuarterSecondsCounter, #0x00
0831            436       
0831            437       
0831 755096     438       mov soak_temp+0,     #150    ; mode A 150 +-20
0834 755100     439       mov soak_temp+1,     #0
0837 755205     440            mov soak_time+0,        #5     ; mode B 60-120
083A 755300     441            mov soak_time+1,        #0
083D 755482     442            mov reflow_temp+0,  #130                ; mode C 230 < 240
0840 755500     443            mov reflow_temp+1,  #0
0843 755605     444            mov reflow_time+0,  #5          ; mode D  30 < 45
0846 755700     445            mov reflow_time+1,  #0
0849            446            
0849 754A00     447            mov tempFinal+0, #0
084C 754B00     448            mov tempFinal+1, #0
084F 754C00     449            mov tempFinal+2, #0
0852 754D00     450            mov tempFinal+3, #0
0855            451            
0855 754600     452            mov tempCold+0, #0
0858 754700     453            mov tempCold+1, #0
085B 754800     454            mov tempCold+2, #0
085E 754900     455            mov tempCold+3, #0
0861            456            
0861 754200     457            mov tempHot+0, #0
0864 754300     458            mov tempHot+1, #0
0867 754400     459            mov tempHot+2, #0
086A 754500     460            mov tempHot+3, #0
086D            461            
086D 755800     462            mov active_param, #0
0870            463                    
0870 C2AF       464            clr EA
0872 1204DA     465       lcall Load_Param_Into_BCD
0875 12050A     466       lcall Configure_Keypad_Pins
0878 D2AF       467       setb EA
087A            468   
087A            469            
087A            470            ; Speaker frequency
087A 755A80     471            mov Timer0Reload+1, #high(TIMER0_RELOAD)
087D 7559D8     472            mov Timer0Reload+0, #low(TIMER0_RELOAD)
0880            473            
0880            474            
0880            475            ; Stops interupts for speaker
0880 C28C       476            clr TR0
0882 C2A9       477       clr ET0
0884            478   
0884 D2AF       479            setb EA ;enables global interupts
0886            480            
0886 22         481            ret
0887            482            
0887            483            
0887            484   main:
0887 759A01     485            mov P0MOD, #0x01 ;configures P0.0
088A 120809     486            lcall Initial_ALL
088D            487            
088D            488   loop:
088D            489            
088D 12074F     490            lcall Emergency_Check_Button
0890 300303     491            jnb emergency_f, No_Emergency
0893 0209D1     492            ljmp Emergency_Lockout
0896            493            No_Emergency:
0896 0208DC     494            ljmp skip_debug_stuff 
0899            495            
0899 C2AF       496            clr EA
089B            497       
089B 855D30     497   mov x+0, SecondsCounter+0
089E 753100     497   mov x+1, #0
08A1 753200     497   mov x+2, #0
08A4 753300     497   mov x+3, #0
08A7 12002E     498            lcall hex2bcd
08AA A838       499            mov R0, bcd+0
08AC 1207C4     500            lcall Display_BCD_7_Seg_HEX10
08AF            501            
08AF            502            
08AF            503       
08AF 855E30     503   mov x+0, SecondsCounterTotal+0
08B2 753100     503   mov x+1, #0
08B5 753200     503   mov x+2, #0
08B8 753300     503   mov x+3, #0
08BB 12002E     504            lcall hex2bcd
08BE A838       505            mov R0, bcd+0
08C0 1207D5     506            lcall Display_BCD_7_Seg_HEX32
08C3            507            
08C3            508            ;load_x(tempFinal)
08C3            509            
08C3            510       
08C3 855F30     510   mov x+0, MinutesCounterTotal+0
08C6 753100     510   mov x+1, #0
08C9 753200     510   mov x+2, #0
08CC 753300     510   mov x+3, #0
08CF 12002E     511            lcall hex2bcd
08D2 A838       512            mov R0, bcd+0
08D4 1207E6     513            lcall Display_BCD_7_Seg_HEX54
08D7            514            
08D7 D2AF       515            setb EA
08D9 0208DC     516            ljmp FSM_Start
08DC            517            FSM_Start:
08DC            518            skip_debug_stuff:
08DC            519   
08DC            520            
08DC            521            ; ALL TEMP MATH -------------------------
08DC C2AF       522            clr EA
08DE 75A100     523            mov ADC_C, #LM335_ADC
08E1            524            ; Load 32-bit 'x' with 12-bit adc result
08E1 753300     524            mov x+3, #0
08E4 753200     524            mov x+2, #0
08E7 85A331     524            mov x+1, ADC_H
08EA 85A230     524            mov x+0, ADC_L
08ED            524   
08ED 753488     524            mov y+0, #low (5000 % 0x10000) 
08F0 753513     524            mov y+1, #high(5000 % 0x10000) 
08F3 753600     524            mov y+2, #low (5000 / 0x10000) 
08F6 753700     524            mov y+3, #high(5000 / 0x10000) 
08F9 12018C     524       lcall mul32
08FC 753400     524            mov y+0, #low (4096 % 0x10000) 
08FF 753510     524            mov y+1, #high(4096 % 0x10000) 
0902 753600     524            mov y+2, #low (4096 / 0x10000) 
0905 753700     524            mov y+3, #high(4096 / 0x10000) 
0908 120280     524       lcall div32           ; x = Vlm in mV
090B            524   
090B 75340A     524            mov y+0, #low (10 % 0x10000) 
090E 753500     524            mov y+1, #high(10 % 0x10000) 
0911 753600     524            mov y+2, #low (10 / 0x10000) 
0914 753700     524            mov y+3, #high(10 / 0x10000) 
0917 120280     524       lcall div32           ; x = Kelvin
091A 753411     524            mov y+0, #low (273 % 0x10000) 
091D 753501     524            mov y+1, #high(273 % 0x10000) 
0920 753600     524            mov y+2, #low (273 / 0x10000) 
0923 753700     524            mov y+3, #high(273 / 0x10000) 
0926 1200F6     524       lcall sub32           ; x = Celsius
0929            524       
0929 853046     524       mov tempCold+0, x+0
092C 853147     524            mov tempCold+1, x+1
092F 853248     524            mov tempCold+2, x+2
0932 853349     524            mov tempCold+3, x+3
0935            524       
0935            524       
0935            524   
0935            525            
0935 75A101     526            mov ADC_C, #OP07_ADC
0938            527            ; Load 32-bit 'x' with 12-bit adc result
0938 753300     527            mov x+3, #0
093B 753200     527            mov x+2, #0
093E 85A331     527            mov x+1, ADC_H
0941 85A230     527            mov x+0, ADC_L
0944            527   
0944 753410     527            mov y+0, #low (10000 % 0x10000) 
0947 753527     527            mov y+1, #high(10000 % 0x10000) 
094A 753600     527            mov y+2, #low (10000 / 0x10000) 
094D 753700     527            mov y+3, #high(10000 / 0x10000)          ; Was 1000, now 10000 to keep one decimal place
0950 12018C     527       lcall mul32
0953 75340C     527            mov y+0, #low (12300 % 0x10000) 
0956 753530     527            mov y+1, #high(12300 % 0x10000) 
0959 753600     527            mov y+2, #low (12300 / 0x10000) 
095C 753700     527            mov y+3, #high(12300 / 0x10000) 
095F 120280     527       lcall div32           ; x = scaled TC temperature (e.g., 123 for 12.3C)
0962            527   
0962            527       ; Save this intermediate result in y to free up x for CJ scaling
0962 853034     527       mov y+0, x+0
0965 853135     527       mov y+1, x+1
0968 853236     527       mov y+2, x+2
096B 853337     527       mov y+3, x+3
096E            527   
096E            527       
096E            527   
096E            528            
096E            529            ; Load Cold Junction and scale it by 10 to match units
096E 854630     529       mov x+0, tempCold+0
0971 854731     529       mov x+1, tempCold+1
0974 854832     529       mov x+2, tempCold+2
0977 854933     529       mov x+3, tempCold+3
097A            529       
097A C034       529       push y+0              ; Save our TC result safely
097C C035       529       push y+1
097E C036       529       push y+2
0980 C037       529       push y+3
0982            529       
0982 75340A     529            mov y+0, #low (10 % 0x10000) 
0985 753500     529            mov y+1, #high(10 % 0x10000) 
0988 753600     529            mov y+2, #low (10 / 0x10000) 
098B 753700     529            mov y+3, #high(10 / 0x10000) 
098E 12018C     529       lcall mul32           ; x = CJ * 10
0991            529       
0991 D037       529       pop y+3               ; Restore TC result into y
0993 D036       529       pop y+2
0995 D035       529       pop y+1
0997 D034       529       pop y+0
0999            529       
0999 1200D3     529       lcall add32           ; Final result: (TC_temp*10) + (CJ_temp*10)
099C            529       
099C 85304A     529       mov tempFinal+0, x+0
099F 85314B     529            mov tempFinal+1, x+1
09A2 85324C     529            mov tempFinal+2, x+2
09A5 85334D     529            mov tempFinal+3, x+3
09A8            529       
09A8            529   
09A8            529   
09A8            529   
09A8            530            
09A8            531            ; Add temperatures
09A8 854230     532            mov x+0, tempHot+0
09AB 854331     533            mov x+1, tempHot+1
09AE 854432     534            mov x+2, tempHot+2
09B1 854533     535            mov x+3, tempHot+3
09B4            536            
09B4 854634     537            mov y+0, tempCold+0
09B7 854735     538            mov y+1, tempCold+1
09BA 854836     539            mov y+2, tempCold+2
09BD 854937     540            mov y+3, tempCold+3
09C0            541            
09C0 1200D3     542            lcall add32
09C3            543            
09C3 85304A     544            mov tempFinal+0, x+0
09C6 85314B     545            mov tempFinal+1, x+1
09C9 85324C     546            mov tempFinal+2, x+2
09CC 85334D     547            mov tempFinal+3, x+3
09CF D2AF       548            setb EA
09D1            549   
09D1            550   Emergency_Lockout:
09D1 C280       551       clr SSR_PIN        ; always keep heater off
09D3            552   
09D3            553       ; Stay here until emergency button is released
09D3            554       ; active-high release condition:
09D3 309303     555       jnb STOP_BUTTON, Emergency_Clear
09D6 02088D     556       ljmp loop          ; still pressed -> keep looping locked out
09D9            557   
09D9            558   Emergency_Clear:
09D9 C203       559       clr emergency_f
09DB D202       560       setb state_flag    ; update title (IDLE / SETUP)
09DD 02088D     561       ljmp loop
09E0            562       
09E0            563            
09E0            564       
09E0            565   ;-------------------------------------------------------------------------------
09E0            566   ;FSM
09E0            567   ;-------------------------------------------------------------------------------
09E0            568   
09E0            569   ; Clears second counter per state
09E0 300209     570            jnb state_flag, no_new_state
09E3            571            
09E3 C202       572            clr state_flag
09E5 C2AF       573            clr EA
09E7 755D00     574            mov SecondsCounter, #0x00
09EA D2AF       575            setb EA
09EC            576            no_new_state:
09EC            577   
09EC            578   ; non-blocking FSM for the one second counter starts here.
09EC E560       579            mov a, FSM_state
09EE 75E800     580            mov LEDRA, #0
09F1            581   
09F1            582   FSM_state0:
09F1            583            ;Only moves on to state 1 once start button is pressed
09F1 B40025     584            cjne a, #0, FSM_state1
09F4            585            
09F4 C2AF       586            clr EA
09F6 120517     587            lcall Keypad        ; Scan keypad
09F9 1203FA     588       lcall Display       ; Update HEX displays (or later, LCD)
09FC 5003       589       jnc  skip_keypad        ; If C=0 -> no digit to insert (mode/backspace/clear/none)
09FE            590   
09FE 120460     591       lcall Shift_Digits_Left  ; If C=1 -> numeric key; insert new digit from R7
0A01            592      
0A01            593   skip_keypad:
0A01 D2AF       594            setb EA
0A03            595            
0A03            596   noChange:
0A03 D2E8       597            setb LEDRA.0 ; We are using the LEDs to debug in what state is this machine
0A05 C280       598            clr SSR_PIN
0A07            599   
0A07 20E808     600            jb SWA.0, FSM_done_state_0_skip
0A0A            601            
0A0A 208202     602            jb START_BUTTON, FSM_done_state_0_Continue; only moves on when button is high (might be active low)
0A0D 8003       603            sjmp FSM_done_state_0_Skip
0A0F            604            FSM_done_state_0_Continue:
0A0F 020C2C     605            ljmp FSM_done
0A12            606            FSM_done_state_0_Skip:
0A12            607            
0A12 D202       608            setb state_flag
0A14 0560       609            inc FSM_state
0A16 020C2C     610            ljmp FSM_done
0A19            611   
0A19            612   FSM_state1:      
0A19            613            ;Only move to next stat if temp > 150c
0A19 B4017A     614            cjne a, #1, FSM_state2
0A1C D2E9       615            setb LEDRA.1
0A1E            616   
0A1E D280       617            setb SSR_PIN
0A20            618   
0A20 C2AF       619            clr EA
0A22            620            ;If it didint reach 50 degrees in 60 seconds
0A22            621            ;If time > 60 check
0A22 75303C     622            mov x+0, #low (60 % 0x10000) 
0A25 753100     622            mov x+1, #high(60 % 0x10000) 
0A28 753200     622            mov x+2, #low (60 / 0x10000) 
0A2B 753300     622            mov x+3, #high(60 / 0x10000) 
0A2E            623       
0A2E 855D34     623   mov y+0, SecondsCounter+0
0A31 753500     623   mov y+1, #0
0A34 753600     623   mov y+2, #0
0A37 753700     623   mov y+3, #0
0A3A 120136     624            lcall x_gt_y
0A3D 300023     625            jnb mf, emergency_check
0A40 C200       626            clr mf
0A42            627            ;Only check if time > 60 and if checks if temp is less then 50
0A42 75304A     628            mov x+0, #low (tempFinal % 0x10000) 
0A45 753100     628            mov x+1, #high(tempFinal % 0x10000) 
0A48 753200     628            mov x+2, #low (tempFinal / 0x10000) 
0A4B 753300     628            mov x+3, #high(tempFinal / 0x10000) 
0A4E            628   
0A4E 753432     629            mov y+0, #low (50 % 0x10000) 
0A51 753500     629            mov y+1, #high(50 % 0x10000) 
0A54 753600     629            mov y+2, #low (50 / 0x10000) 
0A57 753700     629            mov y+3, #high(50 / 0x10000) 
0A5A 12011A     630            lcall x_lt_y
0A5D 300003     631            jnb mf, emergency_check
0A60            632            ;If so it failed and we do an emergency abort
0A60 756000     633            mov FSM_State, #0x00
0A63            634            emergency_check:
0A63            635   
0A63 C200       636            clr mf
0A65            637            
0A65            638            ;if temp > 150
0A65 75304A     639            mov x+0, #low (tempFinal % 0x10000) 
0A68 753100     639            mov x+1, #high(tempFinal % 0x10000) 
0A6B 753200     639            mov x+2, #low (tempFinal / 0x10000) 
0A6E 753300     639            mov x+3, #high(tempFinal / 0x10000) 
0A71 855034     640   mov y+0, soak_temp+0
0A74 855135     640   mov y+1, soak_temp+1
0A77 753600     640   mov y+2, #0
0A7A 753700     640   mov y+3, #0
0A7D C200       641            clr mf
0A7F 120136     642            lcall x_gt_y ;returns a mf of 1 if true (i.e x > y)     
0A82            643            
0A82 D2AF       644            setb EA
0A84            645            
0A84 20E908     646            jb SWA.1, FSM_done_state_1_skip
0A87            647            
0A87 300002     648            jnb mf, FSM_done_state_1_Continue 
0A8A 8003       649            sjmp FSM_done_state_1_Skip
0A8C            650            FSM_done_state_1_Continue:
0A8C 020C2C     651            ljmp FSM_done
0A8F            652            FSM_done_state_1_Skip:
0A8F            653            
0A8F D202       654            setb state_flag
0A91 0560       655            inc FSM_state
0A93 020C2C     656            ljmp FSM_done
0A96            657   
0A96            658   FSM_state2:      
0A96            659            ;state management
0A96 B40202     660            cjne a, #2, FSM_state3_continue_move
0A99 8003       661            sjmp FSM_state3_skip_move
0A9B            662            
0A9B            663            FSM_state3_continue_move:
0A9B 020B2D     664            ljmp FSM_state3
0A9E            665            
0A9E            666            FSM_state3_skip_move:
0A9E D2EA       667            setb LEDRA.2
0AA0            668            
0AA0 C2AF       669            clr EA
0AA2            670            ;Convert percentage of time into a time it needs to be on #20 is percentage(i.e 20 is 20%) on, soak_time is total time, timeOn is the time on
0AA2            670            ;load_x(#20)
0AA2 753014     670            mov x+0, #20
0AA5 753100     670            mov x+1, #0
0AA8 753200     670            mov x+2, #0
0AAB 753300     670            mov x+3, #0
0AAE            670            ;converts x to a percentage through fractions
0AAE 855234     670   mov y+0, soak_time+0
0AB1 855335     670   mov y+1, soak_time+1
0AB4 753600     670   mov y+2, #0
0AB7 753700     670   mov y+3, #0
0ABA 12018C     670            lcall mul32
0ABD            670            
0ABD 753464     670            mov y+0, #low (100 % 0x10000) 
0AC0 753500     670            mov y+1, #high(100 % 0x10000) 
0AC3 753600     670            mov y+2, #low (100 / 0x10000) 
0AC6 753700     670            mov y+3, #high(100 / 0x10000) 
0AC9 120280     670            lcall div32
0ACC            670            
0ACC 85304E     670            mov timeOn+0, x+0
0ACF 85314F     670            mov timeOn+1, x+1
0AD2            671            
0AD2            672            ;While time is < timeOn ssr remains on, otherwise off
0AD2            673       
0AD2 855D30     673   mov x+0, SecondsCounter+0
0AD5 753100     673   mov x+1, #0
0AD8 753200     673   mov x+2, #0
0ADB 753300     673   mov x+3, #0      
0ADE 854E34     674   mov y+0, timeOn+0
0AE1 854F35     674   mov y+1, timeOn+1
0AE4 753600     674   mov y+2, #0
0AE7 753700     674   mov y+3, #0
0AEA C200       675            clr mf
0AEC 120136     676            lcall x_gt_y
0AEF D2AF       677            setb EA
0AF1 300004     678            jnb mf, ssr_off
0AF4 D280       679            setb SSR_PIN
0AF6 8002       680            sjmp ssr_on
0AF8            681   
0AF8            682            ssr_off:
0AF8 C280       683                    clr SSR_PIN
0AFA            684            ssr_on:
0AFA            685            
0AFA            686            ;If time in this state > soak time then we move on
0AFA C2AF       687            clr EA
0AFC            688       
0AFC 855D30     688   mov x+0, SecondsCounter+0
0AFF 753100     688   mov x+1, #0
0B02 753200     688   mov x+2, #0
0B05 753300     688   mov x+3, #0 
0B08 855234     689   mov y+0, soak_time+0
0B0B 855335     689   mov y+1, soak_time+1
0B0E 753600     689   mov y+2, #0
0B11 753700     689   mov y+3, #0
0B14            690            ;load_y(10)
0B14 C200       691            clr mf  
0B16 120136     692            lcall x_gt_y     ; Use GE (Greater than or equal) for stability
0B19 D2AF       693            setb EA
0B1B            694            
0B1B 20EA08     695            jb SWA.2, FSM_done_state_2_skip
0B1E            696            
0B1E 300002     697            jnb mf, FSM_done_state_2_Continue
0B21 8003       698            sjmp FSM_done_state_2_Skip
0B23            699            FSM_done_state_2_Continue:
0B23 020C2C     700            ljmp FSM_done
0B26            701            FSM_done_state_2_Skip:
0B26            702            
0B26 D202       703            setb state_flag
0B28 0560       704            inc FSM_state
0B2A 020C2C     705            ljmp FSM_done
0B2D            706   
0B2D            707   FSM_state3:      
0B2D            708            ;Only moves on when the temp is > 220c
0B2D B40337     709            cjne a, #3, FSM_state4
0B30 D2EB       710            setb LEDRA.3
0B32            711   
0B32 D280       712            setb SSR_PIN
0B34            713   
0B34            714            ;if temp > 150
0B34 C2AF       715            clr EA
0B36 855430     716   mov x+0, reflow_temp+0
0B39 855531     716   mov x+1, reflow_temp+1
0B3C 753200     716   mov x+2, #0
0B3F 753300     716   mov x+3, #0
0B42 75344A     717            mov y+0, #low (tempFinal % 0x10000) 
0B45 753500     717            mov y+1, #high(tempFinal % 0x10000) 
0B48 753600     717            mov y+2, #low (tempFinal / 0x10000) 
0B4B 753700     717            mov y+3, #high(tempFinal / 0x10000) 
0B4E C200       718            clr mf
0B50 120136     719            lcall x_gt_y ;returns a mf of 1 if true (i.e x > y)
0B53 D2AF       720            setb EA
0B55            721            
0B55 20EB08     722            jb SWA.3, FSM_done_state_3_skip
0B58            723            
0B58 200002     724            jb mf, FSM_done_state_3_Continue 
0B5B 8003       725            sjmp FSM_done_state_3_Skip
0B5D            726            FSM_done_state_3_Continue:
0B5D 020C2C     727            ljmp FSM_done
0B60            728            FSM_done_state_3_Skip:
0B60            729            
0B60 D202       730            setb state_flag
0B62 0560       731            inc FSM_state
0B64 020C2C     732            ljmp FSM_done
0B67            733   
0B67            734   FSM_state4:      
0B67            735            ;only moves on after 45s
0B67 B40402     736            cjne a, #4, FSM_state5_continue_move
0B6A 8003       737            sjmp FSM_state5_skip_move
0B6C            738            FSM_state5_continue_move:
0B6C 020BF9     739            ljmp FSM_state5
0B6F            740            FSM_state5_skip_move:
0B6F            741            
0B6F D2EC       742            setb LEDRA.4
0B71            743            
0B71 C2AF       744            clr EA
0B73            745            ;Convert percentage of time into a time it needs to be on #20 is percentage(i.e 20 is 20%) on, reflow_time is total time, timeOn is the time on
0B73            745            ;load_x(#20)
0B73 753014     745            mov x+0, #20
0B76 753100     745            mov x+1, #0
0B79 753200     745            mov x+2, #0
0B7C 753300     745            mov x+3, #0
0B7F            745            ;converts x to a percentage through fractions
0B7F 855634     745   mov y+0, reflow_time+0
0B82 855735     745   mov y+1, reflow_time+1
0B85 753600     745   mov y+2, #0
0B88 753700     745   mov y+3, #0
0B8B 12018C     745            lcall mul32
0B8E            745            
0B8E 753464     745            mov y+0, #low (100 % 0x10000) 
0B91 753500     745            mov y+1, #high(100 % 0x10000) 
0B94 753600     745            mov y+2, #low (100 / 0x10000) 
0B97 753700     745            mov y+3, #high(100 / 0x10000) 
0B9A 120280     745            lcall div32
0B9D            745            
0B9D 85304E     745            mov timeOn+0, x+0
0BA0 85314F     745            mov timeOn+1, x+1
0BA3            745   
0BA3            746            ;While time is < timeOn ssr remains on, otherwise off
0BA3            747       
0BA3 855D30     747   mov x+0, SecondsCounter+0
0BA6 753100     747   mov x+1, #0
0BA9 753200     747   mov x+2, #0
0BAC 753300     747   mov x+3, #0
0BAF 854E34     748   mov y+0, timeOn+0
0BB2 854F35     748   mov y+1, timeOn+1
0BB5 753600     748   mov y+2, #0
0BB8 753700     748   mov y+3, #0 
0BBB C200       749            clr mf  
0BBD 120136     750            lcall x_gt_y 
0BC0            751            
0BC0 D2AF       752            setb EA
0BC2 300004     753            jnb mf, ssr_off1
0BC5 D280       754            setb SSR_PIN
0BC7 8002       755            sjmp ssr_on1
0BC9            756   
0BC9            757            ssr_off1:
0BC9 C280       758                    clr SSR_PIN
0BCB            759            ssr_on1:
0BCB            760   
0BCB            761            ;If time in this state > soak time then we move on
0BCB C2AF       762            clr EA
0BCD            763   
0BCD            764            ;load_x(10)
0BCD 855630     765   mov x+0, reflow_time+0
0BD0 855731     765   mov x+1, reflow_time+1
0BD3 753200     765   mov x+2, #0
0BD6 753300     765   mov x+3, #0
0BD9            766       
0BD9 855D34     766   mov y+0, SecondsCounter+0
0BDC 753500     766   mov y+1, #0
0BDF 753600     766   mov y+2, #0
0BE2 753700     766   mov y+3, #0
0BE5 C200       767            clr mf
0BE7 120136     768            lcall x_gt_y ;returns a mf of 1 if true (i.e x > y)
0BEA D2AF       769            setb EA
0BEC            770            
0BEC            771            
0BEC 20EC03     772            jb SWA.4, FSM_done_state_4_Skip
0BEF 20003A     773            jb mf, FSM_done
0BF2            774            
0BF2            775            FSM_done_state_4_Skip:
0BF2            776            
0BF2 D202       777            setb state_flag
0BF4 0560       778            inc FSM_state
0BF6 020C2C     779            ljmp FSM_done
0BF9            780   
0BF9            781   FSM_state5:      
0BF9            782            ;only resets when temp is < 60
0BF9 B40530     783            cjne a, #5, FSM_done
0BFC D2ED       784            setb LEDRA.5
0BFE            785   
0BFE C280       786            clr SSR_PIN
0C00            787            
0C00 C2AF       788            clr EA
0C02 75304A     789            mov x+0, #low (tempFinal % 0x10000) 
0C05 753100     789            mov x+1, #high(tempFinal % 0x10000) 
0C08 753200     789            mov x+2, #low (tempFinal / 0x10000) 
0C0B 753300     789            mov x+3, #high(tempFinal / 0x10000) 
0C0E 75343C     790            mov y+0, #low (60 % 0x10000) 
0C11 753500     790            mov y+1, #high(60 % 0x10000) 
0C14 753600     790            mov y+2, #low (60 / 0x10000) 
0C17 753700     790            mov y+3, #high(60 / 0x10000) 
0C1A C200       791            clr mf
0C1C 12011A     792            lcall x_lt_y ;returns a mf of 1 when (x < y)
0C1F D2AF       793            setb EA
0C21            794            
0C21 20ED03     795            jb SWA.5, FSM_done_state_5_Skip
0C24 300005     796            jnb mf, FSM_done
0C27            797            
0C27            798            FSM_done_state_5_Skip:
0C27            799            
0C27 D202       800            setb state_flag
0C29 756000     801            mov FSM_state, #0x00
0C2C            802   
0C2C            803            FSM_done:
0C2C            804   
0C2C            805            ;-------------------------------------------------------------------------------
0C2C 02088D     806            ljmp loop
0C2F            807   
0C2F            808   END
