                 -1   $MODMAX10
0000              1   ;--------------------------------------------------------
0000              2   ; Special Function Registers
0000              3   ;--------------------------------------------------------
0000              4   P0             DATA 0x80
0000              5   SP             DATA 0x81
0000              6   DPL            DATA 0x82
0000              7   DPH            DATA 0x83
0000              8   PCON           DATA 0x87
0000              9   TCON           DATA 0x88
0000             10   TMOD           DATA 0x89
0000             11   TL0            DATA 0x8a
0000             12   TL1            DATA 0x8b
0000             13   TH0            DATA 0x8c
0000             14   TH1            DATA 0x8d
0000             15   P1             DATA 0x90
0000             16   SCON           DATA 0x98
0000             17   SBUF           DATA 0x99
0000             18   P2             DATA 0xa0
0000             19   IE             DATA 0xa8
0000             20   P3             DATA 0xb0
0000             21   IP             DATA 0xb8
0000             22   PSW            DATA 0xd0
0000             23   ACC            DATA 0xe0
0000             24   B              DATA 0xf0
0000             25   T2CON          DATA 0xc8
0000             26   RCAP2L         DATA 0xca
0000             27   RCAP2H         DATA 0xcb
0000             28   TL2            DATA 0xcc
0000             29   TH2            DATA 0xcd
0000             30   DPS            DATA 0x86
0000             31   DPH1           DATA 0x85
0000             32   DPL1           DATA 0x84
0000             33   HEX0           DATA 0x91
0000             34   HEX1           DATA 0x92
0000             35   HEX2           DATA 0x93
0000             36   HEX3           DATA 0x94
0000             37   HEX4           DATA 0x8e
0000             38   HEX5           DATA 0x8f
0000             39   LEDRA          DATA 0xe8
0000             40   LEDRB          DATA 0x95
0000             41   SWA            DATA 0xe8
0000             42   SWB            DATA 0x95
0000             43   KEY            DATA 0xf8
0000             44   P0MOD          DATA 0x9a
0000             45   P1MOD          DATA 0x9b
0000             46   P2MOD          DATA 0x9c
0000             47   P3MOD          DATA 0x9d
0000             48   REP_ADD_L      DATA 0xf1
0000             49   REP_ADD_H      DATA 0xf2
0000             50   REP_VALUE      DATA 0xf3
0000             51   DEBUG_CALL_L   DATA 0xfa
0000             52   DEBUG_CALL_H   DATA 0xfb
0000             53   BPC            DATA 0xfc
0000             54   BPS            DATA 0xfd
0000             55   BPAL           DATA 0xfe
0000             56   BPAH           DATA 0xff
0000             57   LBPAL          DATA 0xfa
0000             58   LBPAH          DATA 0xfb
0000             59   P4             DATA 0xc0
0000             60   P4MOD          DATA 0xc1
0000             61   XRAMUSEDAS     DATA 0xc3
0000             62   UFM_ADD0       DATA 0xe1
0000             63   UFM_ADD1       DATA 0xe2
0000             64   UFM_ADD2       DATA 0xe3
0000             65   UFM_DATA0      DATA 0xe4
0000             66   UFM_DATA1      DATA 0xe5
0000             67   UFM_DATA2      DATA 0xe6
0000             68   UFM_DATA3      DATA 0xe7
0000             69   UFM_CONTROL0   DATA 0xe9
0000             70   UFM_CONTROL1   DATA 0xea
0000             71   UFM_CONTROL2   DATA 0xeb
0000             72   UFM_CONTROL3   DATA 0xec
0000             73   UFM_DATA_CMD   DATA 0xed
0000             74   UFM_DATA_STATUS DATA 0xee
0000             75   UFM_CONTROL_CMD DATA 0xef
0000             76   ADC_C          DATA 0xa1
0000             77   ADC_L          DATA 0xa2
0000             78   ADC_H          DATA 0xa3
0000             79   
0000             80   ;--------------------------------------------------------
0000             81   ; special function bits
0000             82   ;--------------------------------------------------------
0000             83   P0_0           BIT 0x80
0000             84   P0_1           BIT 0x81
0000             85   P0_2           BIT 0x82
0000             86   P0_3           BIT 0x83
0000             87   P0_4           BIT 0x84
0000             88   P0_5           BIT 0x85
0000             89   P0_6           BIT 0x86
0000             90   P0_7           BIT 0x87
0000             91   IT0            BIT 0x88
0000             92   IE0            BIT 0x89
0000             93   IT1            BIT 0x8a
0000             94   IE1            BIT 0x8b
0000             95   TR0            BIT 0x8c
0000             96   TF0            BIT 0x8d
0000             97   TR1            BIT 0x8e
0000             98   TF1            BIT 0x8f
0000             99   P1_0           BIT 0x90
0000            100   P1_1           BIT 0x91
0000            101   P1_2           BIT 0x92
0000            102   P1_3           BIT 0x93
0000            103   P1_4           BIT 0x94
0000            104   P1_5           BIT 0x95
0000            105   P1_6           BIT 0x96
0000            106   P1_7           BIT 0x97
0000            107   RI             BIT 0x98
0000            108   TI             BIT 0x99
0000            109   RB8            BIT 0x9a
0000            110   TB8            BIT 0x9b
0000            111   REN            BIT 0x9c
0000            112   SM2            BIT 0x9d
0000            113   SM1            BIT 0x9e
0000            114   SM0            BIT 0x9f
0000            115   P2_0           BIT 0xa0
0000            116   P2_1           BIT 0xa1
0000            117   P2_2           BIT 0xa2
0000            118   P2_3           BIT 0xa3
0000            119   P2_4           BIT 0xa4
0000            120   P2_5           BIT 0xa5
0000            121   P2_6           BIT 0xa6
0000            122   P2_7           BIT 0xa7
0000            123   EX0            BIT 0xa8
0000            124   ET0            BIT 0xa9
0000            125   EX1            BIT 0xaa
0000            126   ET1            BIT 0xab
0000            127   ES             BIT 0xac
0000            128   ET2            BIT 0xad
0000            129   EA             BIT 0xaf
0000            130   P3_0           BIT 0xb0
0000            131   P3_1           BIT 0xb1
0000            132   P3_2           BIT 0xb2
0000            133   P3_3           BIT 0xb3
0000            134   P3_4           BIT 0xb4
0000            135   P3_5           BIT 0xb5
0000            136   P3_6           BIT 0xb6
0000            137   P3_7           BIT 0xb7
0000            138   RXD            BIT 0xb0
0000            139   TXD            BIT 0xb1
0000            140   INT0           BIT 0xb2
0000            141   INT1           BIT 0xb3
0000            142   T0             BIT 0xb4
0000            143   T1             BIT 0xb5
0000            144   WR             BIT 0xb6
0000            145   RD             BIT 0xb7
0000            146   PX0            BIT 0xb8
0000            147   PT0            BIT 0xb9
0000            148   PX1            BIT 0xba
0000            149   PT1            BIT 0xbb
0000            150   PS             BIT 0xbc
0000            151   PT2            BIT 0xbd
0000            152   P              BIT 0xd0
0000            153   F1             BIT 0xd1
0000            154   OV             BIT 0xd2
0000            155   RS0            BIT 0xd3
0000            156   RS1            BIT 0xd4
0000            157   F0             BIT 0xd5
0000            158   AC             BIT 0xd6
0000            159   CY             BIT 0xd7
0000            160   T2CON_0        BIT 0xc8
0000            161   T2CON_1        BIT 0xc9
0000            162   T2CON_2        BIT 0xca
0000            163   T2CON_3        BIT 0xcb
0000            164   T2CON_4        BIT 0xcc
0000            165   T2CON_5        BIT 0xcd
0000            166   T2CON_6        BIT 0xce
0000            167   T2CON_7        BIT 0xcf
0000            168   CP_RL2         BIT 0xc8
0000            169   C_T2           BIT 0xc9
0000            170   TR2            BIT 0xca
0000            171   EXEN2          BIT 0xcb
0000            172   TCLK           BIT 0xcc
0000            173   RCLK           BIT 0xcd
0000            174   EXF2           BIT 0xce
0000            175   TF2            BIT 0xcf
0000            176   LEDRA_0        BIT 0xe8
0000            177   LEDRA_1        BIT 0xe9
0000            178   LEDRA_2        BIT 0xea
0000            179   LEDRA_3        BIT 0xeb
0000            180   LEDRA_4        BIT 0xec
0000            181   LEDRA_5        BIT 0xed
0000            182   LEDRA_6        BIT 0xee
0000            183   LEDRA_7        BIT 0xef
0000            184   SWA_0          BIT 0xe8
0000            185   SWA_1          BIT 0xe9
0000            186   SWA_2          BIT 0xea
0000            187   SWA_3          BIT 0xeb
0000            188   SWA_4          BIT 0xec
0000            189   SWA_5          BIT 0xed
0000            190   SWA_6          BIT 0xee
0000            191   SWA_7          BIT 0xef
0000            192   KEY_0          BIT 0xf8
0000            193   KEY_1          BIT 0xf9
0000            194   KEY_2          BIT 0xfa
0000            195   KEY_3          BIT 0xfb
0000            196   P4_0           BIT 0xc0
0000            197   P4_1           BIT 0xc1
0000            198   P4_2           BIT 0xc2
0000            199   P4_3           BIT 0xc3
0000            200   P4_4           BIT 0xc4
0000            201   P4_5           BIT 0xc5
0000            202   P4_6           BIT 0xc6
0000            203   P4_7           BIT 0xc7
0000              2   
0000              3   ; The Special Function Registers below were added to 'MODMAX10' recently.
0000              4   ; If you are getting an error, uncomment the three lines below.
0000              5   
0000              6   ; ADC_C DATA 0xa1
0000              7   ; ADC_L DATA 0xa2
0000              8   ; ADC_H DATA 0xa3
0000              9   
0000             10   CSEG at 0
0000 020497      11   ljmp mycode
0003             12   
0030             13   dseg at 30h
0030             14   x: ds 4
0034             15   y: ds 4
0038             16   bcd: ds 5
003D             17   V_tc: ds 4   ; Add this - to store the thermocouple mV
0041             18   V_cj: ds 4   ; Add this - to store the cold junction temp
0045             19   
0045             20   
0000             21   bseg
0000             22   
0000             23   mf: dbit 1
0001             24   
0001             25   FREQ   EQU 33333333
0001             26   BAUD   EQU 115200
0001             27   T2LOAD EQU 65536-(FREQ/(32*BAUD))
0001             28   
0003             29   CSEG
0003             30   
0003             31   InitSerialPort:
0003             32   ; Configure serial port and baud rate
0003 C2CA        33   clr TR2 ; Disable timer 2
0005 75C830      34   mov T2CON, #30H ; RCLK=1, TCLK=1
0008 75CBFF      35   mov RCAP2H, #high(T2LOAD)  
000B 75CAF7      36   mov RCAP2L, #low(T2LOAD)
000E D2CA        37   setb TR2 ; Enable timer 2
0010 759852      38   mov SCON, #52H
0013 22          39   ret
0014             40   
0014             41   putchar:
0014 3099FD      42       JNB TI, putchar
0017 C299        43       CLR TI
0019 F599        44       MOV SBUF, a
001B 22          45       RET
001C             46   
001C             47   SendString:
001C E4          48       CLR A
001D 93          49       MOVC A, @A+DPTR
001E 6006        50       JZ SSDone
0020 120014      51       LCALL putchar
0023 A3          52       INC DPTR
0024 80F6        53       SJMP SendString
0026             54   SSDone:
0026 22          55       ret
0027             56   
                 -1   $include(math32.asm)
                614   $LIST
0319             58   
0319             59   cseg
0319             60   ; These 'equ' must match the wiring between the DE10Lite board and the LCD!
0319             61   ; P0 is in connector JPIO.  Check "CV-8052 Soft Processor in the DE10Lite Board: Getting
0319             62   ; Started Guide" for the details.
0319             63   ELCD_RS equ P1.7
0319             64   ; ELCD_RW equ Px.x ; Not used.  Connected to ground
0319             65   ELCD_E  equ P1.1
0319             66   ELCD_D4 equ P0.7
0319             67   ELCD_D5 equ P0.5
0319             68   ELCD_D6 equ P0.3
0319             69   ELCD_D7 equ P0.1
                 71   	$LIST
03D0             73   
03D0             74   ; Look-up table for 7-seg displays
03D0             75   myLUT:
03D0 C0F9A4B0    76       DB 0xC0, 0xF9, 0xA4, 0xB0, 0x99        ; 0 TO 4
     99
03D5 9282F880    77       DB 0x92, 0x82, 0xF8, 0x80, 0x90        ; 4 TO 9
     90
03DA 8883C6A1    78       DB 0x88, 0x83, 0xC6, 0xA1, 0x86, 0x8E  ; A to F
     868E
03E0             79   
03E0             80   Wait50ms:
03E0             81   ;33.33MHz, 1 clk per cycle: 0.03us
03E0 781E        82   mov R0, #30
03E2             83   Wait50ms_L3:
03E2 794A        84   mov R1, #74
03E4             85   Wait50ms_L2:
03E4 7AFA        86   mov R2, #250
03E6             87   Wait50ms_L1:
03E6 DAFE        88   djnz R2, Wait50ms_L1 ;3*250*0.03us=22.5us
03E8 D9FA        89       djnz R1, Wait50ms_L2 ;74*22.5us=1.665ms
03EA D8F6        90       djnz R0, Wait50ms_L3 ;1.665ms*30=50ms
03EC 22          91       ret
03ED             92   
03ED             93   Display_Voltage_7seg:
03ED 9003D0      94       mov dptr, #myLUT
03F0             95       
03F0             96       ; Display Hundreds digit on HEX3
03F0 E539        97       mov a, bcd+1
03F2 C4          98       swap a
03F3 540F        99       anl a, #0FH
03F5 93         100       movc a, @a+dptr
03F6 F594       101       mov HEX3, a
03F8            102       
03F8            103       ; Display Tens digit on HEX2
03F8 E539       104       mov a, bcd+1
03FA 540F       105       anl a, #0FH
03FC 93         106       movc a, @a+dptr
03FD F593       107       mov HEX2, a
03FF            108   
03FF            109       ; Display Ones digit on HEX1 and turn on the DOT
03FF E538       110       mov a, bcd+0
0401 C4         111       swap a
0402 540F       112       anl a, #0FH
0404 93         113       movc a, @a+dptr
0405 547F       114       anl a, #0x7f          ; Clears bit 7 to turn on the decimal point
0407 F592       115       mov HEX1, a
0409            116   
0409            117       ; Display Tenths digit on HEX0
0409 E538       118       mov a, bcd+0
040B 540F       119       anl a, #0FH
040D 93         120       movc a, @a+dptr
040E F591       121       mov HEX0, a
0410 22         122       ret
0411            123   
0411            124   Display_Voltage_LCD:
0411 C0E0       125            push acc
0413 7401       125            mov a, #1
0415 14         125            dec a
0416 1203B3     125            lcall ?Set_Cursor_2 ; Select column and row
0419 D0E0       125            pop acc
041B 7454       126       mov a, #'T'
041D 12036B     127       lcall ?WriteData
0420 743D       128       mov a, #'='
0422 12036B     129       lcall ?WriteData
0425            130   
0425            131       ; Hundreds
0425 E539       132       mov a, bcd+1
0427 C4         133       swap a
0428 540F       134       anl a, #0FH
042A 4430       135       orl a, #'0'
042C 12036B     136       lcall ?WriteData
042F            137   
042F            138       ; Tens
042F E539       139       mov a, bcd+1
0431 540F       140       anl a, #0FH
0433 4430       141       orl a, #'0'
0435 12036B     142       lcall ?WriteData
0438            143   
0438            144       ; Ones
0438 E538       145       mov a, bcd+0
043A C4         146       swap a
043B 540F       147       anl a, #0FH
043D 4430       148       orl a, #'0'
043F 12036B     149       lcall ?WriteData
0442            150   
0442 742E       151       mov a, #'.'           ; Insert the dot
0444 12036B     152       lcall ?WriteData
0447            153   
0447            154       ; Tenths
0447 E538       155       mov a, bcd+0
0449 540F       156       anl a, #0FH
044B 4430       157       orl a, #'0'
044D 12036B     158       lcall ?WriteData
0450 22         159       ret
0451            160       
0451            161   Display_Voltage_Serial:
0451            162   
0451            163       ; 1. Display Hundreds Digit (from bcd+1 high nibble)
0451 E539       164       mov a, bcd+1
0453 C4         165       swap a
0454 540F       166       anl a, #0FH
0456 4430       167       orl a, #'0'
0458 120014     168       lcall putchar
045B            169   
045B            170       ; 2. Display Tens Digit (from bcd+1 low nibble)
045B E539       171       mov a, bcd+1
045D 540F       172       anl a, #0FH
045F 4430       173       orl a, #'0'
0461 120014     174       lcall putchar
0464            175   
0464            176       ; 3. Display Ones Digit (from bcd+0 high nibble)
0464 E538       177       mov a, bcd+0
0466 C4         178       swap a
0467 540F       179       anl a, #0FH
0469 4430       180       orl a, #'0'
046B 120014     181       lcall putchar
046E            182   
046E            183       ; 4. Display the actual Decimal Point
046E 742E       184       mov a, #'.'
0470 120014     185       lcall putchar
0473            186   
0473            187       ; 5. Display Tenths Digit (from bcd+0 low nibble)
0473 E538       188       mov a, bcd+0
0475 540F       189       anl a, #0FH
0477 4430       190       orl a, #'0'
0479 120014     191       lcall putchar
047C            192   
047C            193       ; 6. New line formatting
047C 740D       194       mov a, #'\r'
047E 120014     195       lcall putchar
0481 740A       196       mov a, #'\n'
0483 120014     197       lcall putchar
0486 22         198       ret
0487 546D7065   199   Initial_Message:  db 'Tmperature Test', 0
     72617475
     72652054
     65737400
0497            200   
0497            201   mycode:
0497 75817F     202   mov SP, #7FH
049A E4         203   clr a
049B F5E8       204   mov LEDRA, a
049D F595       205   mov LEDRB, a
049F            206   
049F 120003     207   lcall InitSerialPort
04A2            208   
04A2            209   ; COnfigure the pins connected to the LCD as outputs
04A2 759AAA     210   mov P0MOD, #10101010b ; P0.1, P0.3, P0.5, P0.7 are outputs.  ('1' makes the pin output)
04A5 759B82     211       mov P1MOD, #10000010b ; P1.7 and P1.1 are outputs
04A8            212   
04A8 120375     213       lcall ELCD_4BIT ; Configure LCD in four bit mode
04AB            214       ; For convenience a few handy macros are included in 'LCD_4bit_DE1Lite.inc':
04AB C0E0       215            push acc
04AD 7401       215            mov a, #1
04AF 14         215            dec a
04B0 1203B5     215            lcall ?Set_Cursor_1 ; Select column and row
04B3 D0E0       215            pop acc
04B5 C083       216            push dph
04B7 C082       216            push dpl
04B9 C0E0       216            push acc
04BB 900487     216            mov dptr, #Initial_Message
04BE 1203A8     216            lcall ?Send_Constant_String
04C1 D0E0       216            pop acc
04C3 D082       216            pop dpl
04C5 D083       216            pop dph
04C7            217   
04C7 900487     218   mov dptr, #Initial_Message
04CA 12001C     219   lcall SendString
04CD 740D       220   mov a, #'\r'
04CF 120014     221   lcall putchar
04D2 740A       222   mov a, #'\n'
04D4 120014     223   lcall putchar
04D7            224   
04D7 75A180     225   mov ADC_C, #0x80 ; Reset ADC
04DA 1203E0     226   lcall Wait50ms
04DD            227   forever:
04DD            228       ; ---------------------------------------------------------
04DD            229       ; 1) Read thermocouple channel and convert to mV
04DD            230       ; ---------------------------------------------------------
04DD E5E8       231       mov a, SWA
04DF 5407       232       anl a, #0x07
04E1 FF         233       mov R7, a             ; Save channel number
04E2 F5A1       234       mov ADC_C, a
04E4            235   
04E4 753300     236       mov x+3, #0
04E7 753200     237       mov x+2, #0
04EA 85A331     238       mov x+1, ADC_H
04ED 85A230     239       mov x+0, ADC_L
04F0            240   
04F0 753488     241            mov y+0, #low (5000 % 0x10000) 
04F3 753513     241            mov y+1, #high(5000 % 0x10000) 
04F6 753600     241            mov y+2, #low (5000 / 0x10000) 
04F9 753700     241            mov y+3, #high(5000 / 0x10000) 
04FC 120185     242       lcall mul32
04FF 753400     243            mov y+0, #low (4096 % 0x10000) 
0502 753510     243            mov y+1, #high(4096 % 0x10000) 
0505 753600     243            mov y+2, #low (4096 / 0x10000) 
0508 753700     243            mov y+3, #high(4096 / 0x10000) 
050B 120279     244       lcall div32           ; x now holds Vtc in mV
050E            245       
050E            246       ; Save it
050E 85303D     247       mov V_tc+0, x+0
0511 85313E     248       mov V_tc+1, x+1
0514 85323F     249       mov V_tc+2, x+2
0517 853340     250       mov V_tc+3, x+3
051A            251   
051A            252       ; ---------------------------------------------------------
051A            253       ; 2) Read LM335 (next channel) and convert to Celsius
051A            254       ; ---------------------------------------------------------
051A EF         255       mov a, R7
051B 04         256       inc a
051C 5407       257       anl a, #0x07
051E F5A1       258       mov ADC_C, a
0520            259   
0520 753300     260       mov x+3, #0
0523 753200     261       mov x+2, #0
0526 85A331     262       mov x+1, ADC_H
0529 85A230     263       mov x+0, ADC_L
052C            264   
052C 753488     265            mov y+0, #low (5000 % 0x10000) 
052F 753513     265            mov y+1, #high(5000 % 0x10000) 
0532 753600     265            mov y+2, #low (5000 / 0x10000) 
0535 753700     265            mov y+3, #high(5000 / 0x10000) 
0538 120185     266       lcall mul32
053B 753400     267            mov y+0, #low (4096 % 0x10000) 
053E 753510     267            mov y+1, #high(4096 % 0x10000) 
0541 753600     267            mov y+2, #low (4096 / 0x10000) 
0544 753700     267            mov y+3, #high(4096 / 0x10000) 
0547 120279     268       lcall div32           ; x = Vlm in mV
054A            269   
054A 75340A     270            mov y+0, #low (10 % 0x10000) 
054D 753500     270            mov y+1, #high(10 % 0x10000) 
0550 753600     270            mov y+2, #low (10 / 0x10000) 
0553 753700     270            mov y+3, #high(10 / 0x10000) 
0556 120279     271       lcall div32           ; x = Kelvin
0559 753411     272            mov y+0, #low (273 % 0x10000) 
055C 753501     272            mov y+1, #high(273 % 0x10000) 
055F 753600     272            mov y+2, #low (273 / 0x10000) 
0562 753700     272            mov y+3, #high(273 / 0x10000) 
0565 1200EF     273       lcall sub32           ; x = Celsius
0568            274       
0568            275       ; Save cold junction temp
0568 853041     276       mov V_cj+0, x+0
056B 853142     277       mov V_cj+1, x+1
056E 853243     278       mov V_cj+2, x+2
0571 853344     279       mov V_cj+3, x+3
0574            280   
0574            281   ; ---------------------------------------------------------
0574            282       ; 3) Calculate: Temp_x10 = (V_tc * 10000 / 12300) + (V_cj * 10)
0574            283       ; ---------------------------------------------------------
0574 853D30     284       mov x+0, V_tc+0
0577 853E31     285       mov x+1, V_tc+1
057A 853F32     286       mov x+2, V_tc+2
057D 854033     287       mov x+3, V_tc+3
0580            288   
0580 753410     289            mov y+0, #low (10000 % 0x10000) 
0583 753527     289            mov y+1, #high(10000 % 0x10000) 
0586 753600     289            mov y+2, #low (10000 / 0x10000) 
0589 753700     289            mov y+3, #high(10000 / 0x10000)          ; Was 1000, now 10000 to keep one decimal place
058C 120185     290       lcall mul32
058F 75340C     291            mov y+0, #low (12300 % 0x10000) 
0592 753530     291            mov y+1, #high(12300 % 0x10000) 
0595 753600     291            mov y+2, #low (12300 / 0x10000) 
0598 753700     291            mov y+3, #high(12300 / 0x10000) 
059B 120279     292       lcall div32           ; x = scaled TC temperature (e.g., 123 for 12.3C)
059E            293   
059E            294       ; Save this intermediate result in y to free up x for CJ scaling
059E 853034     295       mov y+0, x+0
05A1 853135     296       mov y+1, x+1
05A4 853236     297       mov y+2, x+2
05A7 853337     298       mov y+3, x+3
05AA            299   
05AA            300       ; Load Cold Junction and scale it by 10 to match units
05AA 854130     301       mov x+0, V_cj+0
05AD 854231     302       mov x+1, V_cj+1
05B0 854332     303       mov x+2, V_cj+2
05B3 854433     304       mov x+3, V_cj+3
05B6            305       
05B6 C034       306       push y+0              ; Save our TC result safely
05B8 C035       307       push y+1
05BA C036       308       push y+2
05BC C037       309       push y+3
05BE            310       
05BE 75340A     311            mov y+0, #low (10 % 0x10000) 
05C1 753500     311            mov y+1, #high(10 % 0x10000) 
05C4 753600     311            mov y+2, #low (10 / 0x10000) 
05C7 753700     311            mov y+3, #high(10 / 0x10000) 
05CA 120185     312       lcall mul32           ; x = CJ * 10
05CD            313       
05CD D037       314       pop y+3               ; Restore TC result into y
05CF D036       315       pop y+2
05D1 D035       316       pop y+1
05D3 D034       317       pop y+0
05D5            318       
05D5 1200CC     319       lcall add32           ; Final result: (TC_temp*10) + (CJ_temp*10)
05D8            320   
05D8            321       ; ---------------------------------------------------------
05D8            322       ; 4) Display
05D8            323       ; ---------------------------------------------------------
05D8 120027     324       lcall hex2bcd
05DB 1203ED     325       lcall Display_Voltage_7seg
05DE 120411     326       lcall Display_Voltage_LCD
05E1 120451     327       lcall Display_Voltage_Serial
05E4            328       
05E4 7F14       329       mov R7, #20 
05E6            330   delay_loop:     
05E6 1203E0     331       lcall Wait50ms     
05E9 DFFB       332       djnz R7, delay_loop
05EB 0204DD     333       ljmp forever
05EE            334   end
